2024-11-15 03:21:11 INFO: FrmMain.cs, Risc/CRisc/Pic ReadCPU_3394(), find pcValue file, open it
2024-11-15 03:21:11 INFO: Sdcc项目，对PC=0x0000, 搜行号 ... ## 0 .
2024-11-15 03:21:11 INFO: C项目，在.lst文件中，没找到PC=0x0000所对应的行号, 再走一个步进试试.
2024-11-15 03:21:11 INFO: Sdcc项目，对PC=0x0028, 搜行号 ... ## 0 .
2024-11-15 03:21:11 INFO: Sdcc项目，对PC=0x0028, 找到了
2024-11-15 03:21:11 INFO: update frmSys.propertyGrid_sys
2024-11-15 03:21:11 INFO: readAX
2024-11-15 03:21:11 INFO: readRAM
2024-11-15 03:21:18 INFO: FrmMain.cs, Risc/CRisc/Pic ReadCPU_3394(), find pcValue file, open it
2024-11-15 03:21:18 INFO: Sdcc项目，对PC=0x0000, 搜行号 ... ## 0 .
2024-11-15 03:21:18 INFO: C项目，在.lst文件中，没找到PC=0x0000所对应的行号, 再走一个步进试试.
2024-11-15 03:21:18 INFO: Sdcc项目，对PC=0x0028, 搜行号 ... ## 0 .
2024-11-15 03:21:18 INFO: Sdcc项目，对PC=0x0028, 找到了
2024-11-15 03:21:18 INFO: update frmSys.propertyGrid_sys
2024-11-15 03:21:18 INFO: readAX
2024-11-15 03:21:18 INFO: readRAM
2024-11-15 03:21:18 INFO: FrmMain.cs, Risc/CRisc/Pic ReadCPU_3394(), find pcValue file, open it
2024-11-15 03:21:18 INFO: Sdcc项目，对PC=0x0028, 搜行号 ... ## 0 .
2024-11-15 03:21:18 INFO: Sdcc项目，对PC=0x0028, 找到了
2024-11-15 03:21:18 INFO: update frmSys.propertyGrid_sys
2024-11-15 03:21:18 INFO: readAX
2024-11-15 03:21:18 INFO: readRAM
2024-11-15 03:21:24 INFO: FrmMain.cs, Risc/CRisc/Pic ReadCPU_3394(), find pcValue file, open it
2024-11-15 03:21:24 INFO: Sdcc项目，对PC=0x0000, 搜行号 ... ## 0 .
2024-11-15 03:21:24 INFO: C项目，在.lst文件中，没找到PC=0x0000所对应的行号, 再走一个步进试试.
2024-11-15 03:21:24 INFO: Sdcc项目，对PC=0x0028, 搜行号 ... ## 0 .
2024-11-15 03:21:24 INFO: Sdcc项目，对PC=0x0028, 找到了
2024-11-15 03:21:24 INFO: update frmSys.propertyGrid_sys
2024-11-15 03:21:24 INFO: readAX
2024-11-15 03:21:24 INFO: readRAM
2024-11-15 03:21:24 INFO: FrmMain.cs, Risc/CRisc/Pic ReadCPU_3394(), find pcValue file, open it
2024-11-15 03:21:24 INFO: Sdcc项目，对PC=0x0028, 搜行号 ... ## 0 .
2024-11-15 03:21:24 INFO: Sdcc项目，对PC=0x0028, 找到了
2024-11-15 03:21:24 INFO: update frmSys.propertyGrid_sys
2024-11-15 03:21:24 INFO: readAX
2024-11-15 03:21:24 INFO: readRAM
2024-11-15 03:21:28 INFO: FrmMain.cs, Risc/CRisc/Pic ReadCPU_3394(), find pcValue file, open it
2024-11-15 03:21:28 INFO: Sdcc项目，对PC=0x0000, 搜行号 ... ## 0 .
2024-11-15 03:21:28 INFO: C项目，在.lst文件中，没找到PC=0x0000所对应的行号, 再走一个步进试试.
2024-11-15 03:21:28 INFO: Sdcc项目，对PC=0x0028, 搜行号 ... ## 0 .
2024-11-15 03:21:28 INFO: Sdcc项目，对PC=0x0028, 找到了
2024-11-15 03:21:28 INFO: update frmSys.propertyGrid_sys
2024-11-15 03:21:28 INFO: readAX
2024-11-15 03:21:28 INFO: readRAM
2024-11-15 03:21:28 INFO: FrmMain.cs, Risc/CRisc/Pic ReadCPU_3394(), find pcValue file, open it
2024-11-15 03:21:28 INFO: Sdcc项目，对PC=0x0028, 搜行号 ... ## 0 .
2024-11-15 03:21:28 INFO: Sdcc项目，对PC=0x0028, 找到了
2024-11-15 03:21:28 INFO: update frmSys.propertyGrid_sys
2024-11-15 03:21:28 INFO: readAX
2024-11-15 03:21:28 INFO: readRAM
2024-11-15 03:22:24 INFO: FrmMain.cs, Risc/CRisc/Pic ReadCPU_3394(), find pcValue file, open it
2024-11-15 03:22:24 INFO: Sdcc项目，对PC=0x0028, 搜行号 ... ## 0 .
2024-11-15 03:22:24 INFO: Sdcc项目，对PC=0x0028, 找到了
2024-11-15 03:22:24 INFO: update frmSys.propertyGrid_sys
2024-11-15 03:22:24 INFO: readAX
2024-11-15 03:22:24 INFO: readRAM
2024-11-15 03:22:28 INFO: FrmMain.cs, Risc/CRisc/Pic ReadCPU_3394(), find pcValue file, open it
2024-11-15 03:22:28 INFO: Sdcc项目，对PC=0x0000, 搜行号 ... ## 0 .
2024-11-15 03:22:28 INFO: C项目，在.lst文件中，没找到PC=0x0000所对应的行号, 再走一个步进试试.
2024-11-15 03:22:28 INFO: Sdcc项目，对PC=0x0028, 搜行号 ... ## 0 .
2024-11-15 03:22:28 INFO: Sdcc项目，对PC=0x0028, 找到了
2024-11-15 03:22:28 INFO: update frmSys.propertyGrid_sys
2024-11-15 03:22:28 INFO: readAX
2024-11-15 03:22:28 INFO: readRAM
2024-11-15 03:22:29 INFO: FrmMain.cs, Risc/CRisc/Pic ReadCPU_3394(), find pcValue file, open it
2024-11-15 03:22:29 INFO: Sdcc项目，对PC=0x0000, 搜行号 ... ## 0 .
2024-11-15 03:22:29 INFO: C项目，在.lst文件中，没找到PC=0x0000所对应的行号, 再走一个步进试试.
2024-11-15 03:22:29 INFO: Sdcc项目，对PC=0x0028, 搜行号 ... ## 0 .
2024-11-15 03:22:29 INFO: Sdcc项目，对PC=0x0028, 找到了
2024-11-15 03:22:29 INFO: update frmSys.propertyGrid_sys
2024-11-15 03:22:29 INFO: readAX
2024-11-15 03:22:29 INFO: readRAM
2024-11-15 03:25:08 INFO: FrmMain.cs, Risc/CRisc/Pic ReadCPU_3394(), find pcValue file, open it
2024-11-15 03:25:38 INFO: FrmMain.cs, Risc/CRisc/Pic ReadCPU_3394(), find pcValue file, open it
2024-11-15 03:25:38 INFO: Sdcc项目，对PC=0x0000, 搜行号 ... ## 0 .
2024-11-15 03:25:38 INFO: C项目，在.lst文件中，没找到PC=0x0000所对应的行号, 再走一个步进试试.
2024-11-15 03:25:38 INFO: Sdcc项目，对PC=0x0028, 搜行号 ... ## 0 .
2024-11-15 03:25:38 INFO: Sdcc项目，对PC=0x0028, 找到了
2024-11-15 03:25:38 INFO: update frmSys.propertyGrid_sys
2024-11-15 03:25:38 INFO: readAX
2024-11-15 03:25:38 INFO: readRAM
2024-11-15 03:25:41 INFO: FrmMain.cs, Risc/CRisc/Pic ReadCPU_3394(), find pcValue file, open it
2024-11-15 03:25:41 INFO: Sdcc项目，对PC=0x0000, 搜行号 ... ## 0 .
2024-11-15 03:25:41 INFO: C项目，在.lst文件中，没找到PC=0x0000所对应的行号, 再走一个步进试试.
2024-11-15 03:25:41 INFO: Sdcc项目，对PC=0x0028, 搜行号 ... ## 0 .
2024-11-15 03:25:41 INFO: Sdcc项目，对PC=0x0028, 找到了
2024-11-15 03:25:41 INFO: update frmSys.propertyGrid_sys
2024-11-15 03:25:41 INFO: readAX
2024-11-15 03:25:41 INFO: readRAM
2024-11-15 03:36:34 INFO: FrmMain.cs, Risc/CRisc/Pic ReadCPU_3394(), find pcValue file, open it
2024-11-15 03:36:34 INFO: Sdcc项目，对PC=0x0000, 搜行号 ... ## 0 .
2024-11-15 03:36:34 INFO: C项目，在.lst文件中，没找到PC=0x0000所对应的行号, 再走一个步进试试.
2024-11-15 03:36:34 INFO: Sdcc项目，对PC=0x0028, 搜行号 ... ## 0 .
2024-11-15 03:36:34 INFO: Sdcc项目，对PC=0x0028, 找到了
2024-11-15 03:36:34 INFO: update frmSys.propertyGrid_sys
2024-11-15 03:36:34 INFO: readAX
2024-11-15 03:36:34 INFO: readRAM
2024-11-15 03:36:43 INFO: FrmMain.cs, Risc/CRisc/Pic ReadCPU_3394(), find pcValue file, open it
2024-11-15 03:36:43 INFO: Sdcc项目，对PC=0x0000, 搜行号 ... ## 0 .
2024-11-15 03:36:43 INFO: C项目，在.lst文件中，没找到PC=0x0000所对应的行号, 再走一个步进试试.
2024-11-15 03:36:43 INFO: Sdcc项目，对PC=0x0028, 搜行号 ... ## 0 .
2024-11-15 03:36:43 INFO: Sdcc项目，对PC=0x0028, 找到了
2024-11-15 03:36:43 INFO: update frmSys.propertyGrid_sys
2024-11-15 03:36:43 INFO: readAX
2024-11-15 03:36:43 INFO: readRAM
2024-11-15 03:36:43 INFO: FrmMain.cs, Risc/CRisc/Pic ReadCPU_3394(), find pcValue file, open it
2024-11-15 03:36:43 INFO: Sdcc项目，对PC=0x0028, 搜行号 ... ## 0 .
2024-11-15 03:36:43 INFO: Sdcc项目，对PC=0x0028, 找到了
2024-11-15 03:36:43 INFO: update frmSys.propertyGrid_sys
2024-11-15 03:36:43 INFO: readAX
2024-11-15 03:36:43 INFO: readRAM
2024-11-15 03:38:07 INFO: FrmMain.cs, Risc/CRisc/Pic ReadCPU_3394(), find pcValue file, open it
2024-11-15 03:38:07 INFO: Sdcc项目，对PC=0x0028, 搜行号 ... ## 0 .
2024-11-15 03:38:07 INFO: Sdcc项目，对PC=0x0028, 找到了
2024-11-15 03:38:07 INFO: update frmSys.propertyGrid_sys
2024-11-15 03:38:07 INFO: readAX
2024-11-15 03:38:07 INFO: readRAM
2024-11-15 03:38:11 INFO: FrmMain.cs, Risc/CRisc/Pic ReadCPU_3394(), find pcValue file, open it
2024-11-15 03:38:11 INFO: Sdcc项目，对PC=0x0000, 搜行号 ... ## 0 .
2024-11-15 03:38:11 INFO: C项目，在.lst文件中，没找到PC=0x0000所对应的行号, 再走一个步进试试.
2024-11-15 03:38:11 INFO: Sdcc项目，对PC=0x0028, 搜行号 ... ## 0 .
2024-11-15 03:38:11 INFO: Sdcc项目，对PC=0x0028, 找到了
2024-11-15 03:38:11 INFO: update frmSys.propertyGrid_sys
2024-11-15 03:38:11 INFO: readAX
2024-11-15 03:38:11 INFO: readRAM
2024-11-15 03:38:31 INFO: FrmMain.cs, Risc/CRisc/Pic ReadCPU_3394(), find pcValue file, open it
2024-11-15 03:38:31 INFO: Sdcc项目，对PC=0x0000, 搜行号 ... ## 0 .
2024-11-15 03:38:31 INFO: C项目，在.lst文件中，没找到PC=0x0000所对应的行号, 再走一个步进试试.
2024-11-15 03:38:31 INFO: Sdcc项目，对PC=0x0028, 搜行号 ... ## 0 .
2024-11-15 03:38:31 INFO: Sdcc项目，对PC=0x0028, 找到了
2024-11-15 03:38:31 INFO: update frmSys.propertyGrid_sys
2024-11-15 03:38:31 INFO: readAX
2024-11-15 03:38:31 INFO: readRAM
2024-11-15 03:39:35 INFO: FrmMain.cs, Risc/CRisc/Pic ReadCPU_3394(), find pcValue file, open it
2024-11-15 03:39:35 INFO: Sdcc项目，对PC=0x0000, 搜行号 ... ## 0 .
2024-11-15 03:39:35 INFO: C项目，在.lst文件中，没找到PC=0x0000所对应的行号, 再走一个步进试试.
2024-11-15 03:39:35 INFO: Sdcc项目，对PC=0x0028, 搜行号 ... ## 0 .
2024-11-15 03:39:35 INFO: Sdcc项目，对PC=0x0028, 找到了
2024-11-15 03:39:35 INFO: update frmSys.propertyGrid_sys
2024-11-15 03:39:35 INFO: readAX
2024-11-15 03:39:35 INFO: readRAM
2024-11-15 03:40:10 INFO: FrmMain.cs, Risc/CRisc/Pic ReadCPU_3394(), find pcValue file, open it
2024-11-15 03:40:10 INFO: Sdcc项目，对PC=0x0000, 搜行号 ... ## 0 .
2024-11-15 03:40:10 INFO: C项目，在.lst文件中，没找到PC=0x0000所对应的行号, 再走一个步进试试.
2024-11-15 03:40:10 INFO: Sdcc项目，对PC=0x0028, 搜行号 ... ## 0 .
2024-11-15 03:40:10 INFO: Sdcc项目，对PC=0x0028, 找到了
2024-11-15 03:40:10 INFO: update frmSys.propertyGrid_sys
2024-11-15 03:40:10 INFO: readAX
2024-11-15 03:40:10 INFO: readRAM
2024-11-15 03:42:00 INFO: FrmMain.cs, Risc/CRisc/Pic ReadCPU_3394(), find pcValue file, open it
2024-11-15 03:42:00 INFO: Sdcc项目，对PC=0x0000, 搜行号 ... ## 0 .
2024-11-15 03:42:00 INFO: C项目，在.lst文件中，没找到PC=0x0000所对应的行号, 再走一个步进试试.
2024-11-15 03:42:00 INFO: Sdcc项目，对PC=0x0028, 搜行号 ... ## 0 .
2024-11-15 03:42:00 INFO: Sdcc项目，对PC=0x0028, 找到了
2024-11-15 03:42:00 INFO: update frmSys.propertyGrid_sys
2024-11-15 03:42:00 INFO: readAX
2024-11-15 03:42:00 INFO: readRAM
2024-11-15 03:42:26 INFO: FrmMain.cs, Risc/CRisc/Pic ReadCPU_3394(), find pcValue file, open it
2024-11-15 03:42:26 INFO: Sdcc项目，对PC=0x0028, 搜行号 ... ## 0 .
2024-11-15 03:42:26 INFO: Sdcc项目，对PC=0x0028, 找到了
2024-11-15 03:42:26 INFO: update frmSys.propertyGrid_sys
2024-11-15 03:42:26 INFO: readAX
2024-11-15 03:42:26 INFO: readRAM
2024-11-15 03:42:30 INFO: FrmMain.cs, Risc/CRisc/Pic ReadCPU_3394(), find pcValue file, open it
2024-11-15 03:42:30 INFO: Sdcc项目，对PC=0x0000, 搜行号 ... ## 0 .
2024-11-15 03:42:30 INFO: C项目，在.lst文件中，没找到PC=0x0000所对应的行号, 再走一个步进试试.
2024-11-15 03:42:30 INFO: Sdcc项目，对PC=0x0028, 搜行号 ... ## 0 .
2024-11-15 03:42:30 INFO: Sdcc项目，对PC=0x0028, 找到了
2024-11-15 03:42:30 INFO: update frmSys.propertyGrid_sys
2024-11-15 03:42:30 INFO: readAX
2024-11-15 03:42:30 INFO: readRAM
2024-11-15 03:43:05 INFO: FrmMain.cs, Risc/CRisc/Pic ReadCPU_3394(), find pcValue file, open it
2024-11-15 03:43:05 INFO: Sdcc项目，对PC=0x0000, 搜行号 ... ## 0 .
2024-11-15 03:43:06 INFO: C项目，在.lst文件中，没找到PC=0x0000所对应的行号, 再走一个步进试试.
2024-11-15 03:43:06 INFO: Sdcc项目，对PC=0x0028, 搜行号 ... ## 0 .
2024-11-15 03:43:06 INFO: Sdcc项目，对PC=0x0028, 找到了
2024-11-15 03:43:06 INFO: update frmSys.propertyGrid_sys
2024-11-15 03:43:06 INFO: readAX
2024-11-15 03:43:06 INFO: readRAM
2024-11-15 03:47:25 INFO: FrmMain.cs, Risc/CRisc/Pic ReadCPU_3394(), find pcValue file, open it
2024-11-15 03:47:25 INFO: Sdcc项目，对PC=0x0000, 搜行号 ... ## 0 .
2024-11-15 03:47:25 INFO: C项目，在.lst文件中，没找到PC=0x0000所对应的行号, 再走一个步进试试.
2024-11-15 03:47:25 INFO: Sdcc项目，对PC=0x0028, 搜行号 ... ## 0 .
2024-11-15 03:47:25 INFO: Sdcc项目，对PC=0x0028, 找到了
2024-11-15 03:47:25 INFO: update frmSys.propertyGrid_sys
2024-11-15 03:47:25 INFO: readAX
2024-11-15 03:47:25 INFO: readRAM
2024-11-15 03:47:50 INFO: FrmMain.cs, Risc/CRisc/Pic ReadCPU_3394(), find pcValue file, open it
2024-11-15 03:47:50 INFO: Sdcc项目，对PC=0x025C, 搜行号 ... ## 0 .
2024-11-15 03:47:50 INFO: C项目，在.lst文件中，没找到PC=0x025C所对应的行号, 再走一个步进试试.
2024-11-15 03:47:50 INFO: FrmMain.cs, Risc/CRisc/Pic ReadCPU_3394(), find pcValue file, open it
2024-11-15 03:47:50 INFO: Sdcc项目，对PC=0x025C, 搜行号 ... ## 0 .
2024-11-15 03:47:50 INFO: C项目，在.lst文件中，没找到PC=0x025C所对应的行号, 再走一个步进试试.
2024-11-15 03:47:50 INFO: Sdcc项目，对PC=0x025E, 搜行号 ... ## 0 .
2024-11-15 03:47:50 INFO: Sdcc项目，对PC=0x025E, 找到了
2024-11-15 03:47:50 INFO: update frmSys.propertyGrid_sys
2024-11-15 03:47:50 INFO: readAX
2024-11-15 03:47:50 INFO: readRAM
2024-11-15 03:47:55 INFO: FrmMain.cs, Risc/CRisc/Pic ReadCPU_3394(), find pcValue file, open it
2024-11-15 03:47:55 INFO: Sdcc项目，对PC=0x0000, 搜行号 ... ## 0 .
2024-11-15 03:47:55 INFO: C项目，在.lst文件中，没找到PC=0x0000所对应的行号, 再走一个步进试试.
2024-11-15 03:47:55 INFO: FrmMain.cs, Risc/CRisc/Pic ReadCPU_3394(), find pcValue file, open it
2024-11-15 03:47:55 INFO: Sdcc项目，对PC=0x0000, 搜行号 ... ## 0 .
2024-11-15 03:47:55 INFO: C项目，在.lst文件中，没找到PC=0x0000所对应的行号, 再走一个步进试试.
2024-11-15 03:47:55 INFO: Sdcc项目，对PC=0x0028, 搜行号 ... ## 0 .
2024-11-15 03:47:55 INFO: Sdcc项目，对PC=0x0028, 找到了
2024-11-15 03:47:55 INFO: update frmSys.propertyGrid_sys
2024-11-15 03:47:55 INFO: readAX
2024-11-15 03:47:55 INFO: readRAM
2024-11-15 03:47:59 INFO: FrmMain.cs, Risc/CRisc/Pic ReadCPU_3394(), find pcValue file, open it
2024-11-15 03:47:59 INFO: Sdcc项目，对PC=0x0000, 搜行号 ... ## 0 .
2024-11-15 03:47:59 INFO: C项目，在.lst文件中，没找到PC=0x0000所对应的行号, 再走一个步进试试.
2024-11-15 03:47:59 INFO: FrmMain.cs, Risc/CRisc/Pic ReadCPU_3394(), find pcValue file, open it
2024-11-15 03:47:59 INFO: Sdcc项目，对PC=0x0000, 搜行号 ... ## 0 .
2024-11-15 03:47:59 INFO: C项目，在.lst文件中，没找到PC=0x0000所对应的行号, 再走一个步进试试.
2024-11-15 03:47:59 INFO: Sdcc项目，对PC=0x0028, 搜行号 ... ## 0 .
2024-11-15 03:47:59 INFO: Sdcc项目，对PC=0x0028, 找到了
2024-11-15 03:47:59 INFO: update frmSys.propertyGrid_sys
2024-11-15 03:47:59 INFO: readAX
2024-11-15 03:47:59 INFO: readRAM
2024-11-15 03:48:03 INFO: FrmMain.cs, Risc/CRisc/Pic ReadCPU_3394(), find pcValue file, open it
2024-11-15 03:48:03 INFO: Sdcc项目，对PC=0x0000, 搜行号 ... ## 0 .
2024-11-15 03:48:03 INFO: C项目，在.lst文件中，没找到PC=0x0000所对应的行号, 再走一个步进试试.
2024-11-15 03:48:03 INFO: Sdcc项目，对PC=0x0028, 搜行号 ... ## 0 .
2024-11-15 03:48:03 INFO: Sdcc项目，对PC=0x0028, 找到了
2024-11-15 03:48:03 INFO: update frmSys.propertyGrid_sys
2024-11-15 03:48:03 INFO: readAX
2024-11-15 03:48:03 INFO: readRAM
2024-11-15 03:48:04 INFO: Sdcc项目，对PC=0x005C, 搜行号 ... ## 0 .
2024-11-15 03:48:04 INFO: Sdcc项目，对PC=0x005C, 找到了
2024-11-15 03:48:04 INFO: update frmSys.propertyGrid_sys
2024-11-15 03:48:04 INFO: readAX
2024-11-15 03:48:04 INFO: readRAM
2024-11-15 03:48:04 INFO: Sdcc项目，对PC=0x005D, 搜行号 ... ## 0 .
2024-11-15 03:48:04 INFO: Sdcc项目，对PC=0x005D, 找到了
2024-11-15 03:48:04 INFO: update frmSys.propertyGrid_sys
2024-11-15 03:48:04 INFO: readAX
2024-11-15 03:48:04 INFO: readRAM
2024-11-15 03:48:10 INFO: FrmMain.cs, Risc/CRisc/Pic ReadCPU_3394(), find pcValue file, open it
2024-11-15 03:48:10 INFO: Sdcc项目，对PC=0x0000, 搜行号 ... ## 0 .
2024-11-15 03:48:10 INFO: C项目，在.lst文件中，没找到PC=0x0000所对应的行号, 再走一个步进试试.
2024-11-15 03:48:10 INFO: Sdcc项目，对PC=0x0028, 搜行号 ... ## 0 .
2024-11-15 03:48:10 INFO: Sdcc项目，对PC=0x0028, 找到了
2024-11-15 03:48:10 INFO: update frmSys.propertyGrid_sys
2024-11-15 03:48:10 INFO: readAX
2024-11-15 03:48:10 INFO: readRAM
2024-11-15 03:51:15 INFO: FrmMain.cs, Risc/CRisc/Pic ReadCPU_3394(), find pcValue file, open it
2024-11-15 03:51:16 INFO: Sdcc项目，对PC=0x023F, 搜行号 ... ## 0 .
2024-11-15 03:51:16 INFO: C项目，在.lst文件中，没找到PC=0x023F所对应的行号, 再走一个步进试试.
2024-11-15 03:51:16 INFO: Sdcc项目，对PC=0x0240, 搜行号 ... ## 0 .
2024-11-15 03:51:16 INFO: C项目，在.lst文件中，没找到PC=0x0240所对应的行号, 再走一个步进试试.
2024-11-15 03:51:16 INFO: Sdcc项目，对PC=0x0241, 搜行号 ... ## 0 .
2024-11-15 03:51:16 INFO: C项目，在.lst文件中，没找到PC=0x0241所对应的行号, 再走一个步进试试.
2024-11-15 03:51:16 INFO: FrmMain.cs, Risc/CRisc/Pic ReadCPU_3394(), find pcValue file, open it
2024-11-15 03:51:16 INFO: Sdcc项目，对PC=0x0241, 搜行号 ... ## 0 .
2024-11-15 03:51:16 INFO: C项目，在.lst文件中，没找到PC=0x0241所对应的行号, 再走一个步进试试.
2024-11-15 03:51:16 INFO: Sdcc项目，对PC=0x0242, 搜行号 ... ## 0 .
2024-11-15 03:51:16 INFO: C项目，在.lst文件中，没找到PC=0x0242所对应的行号, 再走一个步进试试.
2024-11-15 03:51:16 INFO: Sdcc项目，对PC=0x0243, 搜行号 ... ## 0 .
2024-11-15 03:51:16 INFO: C项目，在.lst文件中，没找到PC=0x0243所对应的行号, 再走一个步进试试.
2024-11-15 03:51:16 INFO: Sdcc项目，对PC=0x0244, 搜行号 ... ## 0 .
2024-11-15 03:51:16 INFO: C项目，在.lst文件中，没找到PC=0x0244所对应的行号, 再走一个步进试试.
2024-11-15 03:51:16 INFO: Sdcc项目，对PC=0x0245, 搜行号 ... ## 0 .
2024-11-15 03:51:16 INFO: C项目，在.lst文件中，没找到PC=0x0245所对应的行号, 再走一个步进试试.
2024-11-15 03:51:16 INFO: Sdcc项目，对PC=0x0246, 搜行号 ... ## 0 .
2024-11-15 03:51:16 INFO: C项目，在.lst文件中，没找到PC=0x0246所对应的行号, 再走一个步进试试.
2024-11-15 03:51:16 INFO: Sdcc项目，对PC=0x0247, 搜行号 ... ## 0 .
2024-11-15 03:51:16 INFO: C项目，在.lst文件中，没找到PC=0x0247所对应的行号, 再走一个步进试试.
2024-11-15 03:51:16 INFO: Sdcc项目，对PC=0x0248, 搜行号 ... ## 0 .
2024-11-15 03:51:16 INFO: C项目，在.lst文件中，没找到PC=0x0248所对应的行号, 再走一个步进试试.
2024-11-15 03:51:16 INFO: Sdcc项目，对PC=0x0249, 搜行号 ... ## 0 .
2024-11-15 03:51:16 INFO: C项目，在.lst文件中，没找到PC=0x0249所对应的行号, 再走一个步进试试.
2024-11-15 03:51:16 INFO: Sdcc项目，对PC=0x024A, 搜行号 ... ## 0 .
2024-11-15 03:51:16 INFO: C项目，在.lst文件中，没找到PC=0x024A所对应的行号, 再走一个步进试试.
2024-11-15 03:51:16 INFO: Sdcc项目，对PC=0x024C, 搜行号 ... ## 0 .
2024-11-15 03:51:16 INFO: C项目，在.lst文件中，没找到PC=0x024C所对应的行号, 再走一个步进试试.
2024-11-15 03:51:16 INFO: Sdcc项目，对PC=0x024D, 搜行号 ... ## 0 .
2024-11-15 03:51:16 INFO: C项目，在.lst文件中，没找到PC=0x024D所对应的行号, 再走一个步进试试.
2024-11-15 03:51:16 INFO: Sdcc项目，对PC=0x024F, 搜行号 ... ## 0 .
2024-11-15 03:51:16 INFO: C项目，在.lst文件中，没找到PC=0x024F所对应的行号, 再走一个步进试试.
2024-11-15 03:51:16 INFO: Sdcc项目，对PC=0x0250, 搜行号 ... ## 0 .
2024-11-15 03:51:16 INFO: C项目，在.lst文件中，没找到PC=0x0250所对应的行号, 再走一个步进试试.
2024-11-15 03:51:16 INFO: Sdcc项目，对PC=0x0252, 搜行号 ... ## 0 .
2024-11-15 03:51:16 INFO: C项目，在.lst文件中，没找到PC=0x0252所对应的行号, 再走一个步进试试.
2024-11-15 03:51:16 INFO: Sdcc项目，对PC=0x0253, 搜行号 ... ## 0 .
2024-11-15 03:51:16 INFO: C项目，在.lst文件中，没找到PC=0x0253所对应的行号, 再走一个步进试试.
2024-11-15 03:51:16 INFO: Sdcc项目，对PC=0x0254, 搜行号 ... ## 0 .
2024-11-15 03:51:16 INFO: C项目，在.lst文件中，没找到PC=0x0254所对应的行号, 再走一个步进试试.
2024-11-15 03:51:16 INFO: Sdcc项目，对PC=0x0255, 搜行号 ... ## 0 .
2024-11-15 03:51:16 INFO: C项目，在.lst文件中，没找到PC=0x0255所对应的行号, 再走一个步进试试.
2024-11-15 03:51:16 INFO: Sdcc项目，对PC=0x0256, 搜行号 ... ## 0 .
2024-11-15 03:51:16 INFO: C项目，在.lst文件中，没找到PC=0x0256所对应的行号, 再走一个步进试试.
2024-11-15 03:51:17 INFO: Sdcc项目，对PC=0x0258, 搜行号 ... ## 0 .
2024-11-15 03:51:17 INFO: Sdcc项目，对PC=0x0258, 找到了
2024-11-15 03:51:17 INFO: update frmSys.propertyGrid_sys
2024-11-15 03:51:17 INFO: readAX
2024-11-15 03:51:17 INFO: readRAM
2024-11-15 03:51:17 INFO: Sdcc项目，对PC=0x0258, 搜行号 ... ## 0 .
2024-11-15 03:51:17 INFO: Sdcc项目，对PC=0x0258, 找到了
2024-11-15 03:51:17 INFO: update frmSys.propertyGrid_sys
2024-11-15 03:51:17 INFO: readAX
2024-11-15 03:51:17 INFO: readRAM
2024-11-15 03:51:21 INFO: FrmMain.cs, Risc/CRisc/Pic ReadCPU_3394(), find pcValue file, open it
2024-11-15 03:51:21 INFO: Sdcc项目，对PC=0x0000, 搜行号 ... ## 0 .
2024-11-15 03:51:21 INFO: C项目，在.lst文件中，没找到PC=0x0000所对应的行号, 再走一个步进试试.
2024-11-15 03:51:21 INFO: Sdcc项目，对PC=0x0028, 搜行号 ... ## 0 .
2024-11-15 03:51:21 INFO: Sdcc项目，对PC=0x0028, 找到了
2024-11-15 03:51:21 INFO: update frmSys.propertyGrid_sys
2024-11-15 03:51:21 INFO: readAX
2024-11-15 03:51:21 INFO: readRAM
2024-11-15 03:52:41 INFO: FrmMain.cs, Risc/CRisc/Pic ReadCPU_3394(), find pcValue file, open it
2024-11-15 03:52:41 INFO: Sdcc项目，对PC=0x0000, 搜行号 ... ## 0 .
2024-11-15 03:52:41 INFO: C项目，在.lst文件中，没找到PC=0x0000所对应的行号, 再走一个步进试试.
2024-11-15 03:52:41 INFO: Sdcc项目，对PC=0x0028, 搜行号 ... ## 0 .
2024-11-15 03:52:41 INFO: Sdcc项目，对PC=0x0028, 找到了
2024-11-15 03:52:41 INFO: update frmSys.propertyGrid_sys
2024-11-15 03:52:41 INFO: readAX
2024-11-15 03:52:41 INFO: readRAM
2024-11-15 03:52:42 INFO: FrmMain.cs, Risc/CRisc/Pic ReadCPU_3394(), find pcValue file, open it
2024-11-15 03:52:42 INFO: Sdcc项目，对PC=0x0000, 搜行号 ... ## 0 .
2024-11-15 03:52:42 INFO: C项目，在.lst文件中，没找到PC=0x0000所对应的行号, 再走一个步进试试.
2024-11-15 03:52:42 INFO: Sdcc项目，对PC=0x0028, 搜行号 ... ## 0 .
2024-11-15 03:52:42 INFO: Sdcc项目，对PC=0x0028, 找到了
2024-11-15 03:52:42 INFO: update frmSys.propertyGrid_sys
2024-11-15 03:52:42 INFO: readAX
2024-11-15 03:52:42 INFO: readRAM
2024-11-15 03:53:24 INFO: FrmMain.cs, Risc/CRisc/Pic ReadCPU_3394(), find pcValue file, open it
2024-11-15 03:53:24 INFO: Sdcc项目，对PC=0x0000, 搜行号 ... ## 0 .
2024-11-15 03:53:24 INFO: C项目，在.lst文件中，没找到PC=0x0000所对应的行号, 再走一个步进试试.
2024-11-15 03:53:24 INFO: Sdcc项目，对PC=0x0028, 搜行号 ... ## 0 .
2024-11-15 03:53:24 INFO: Sdcc项目，对PC=0x0028, 找到了
2024-11-15 03:53:24 INFO: update frmSys.propertyGrid_sys
2024-11-15 03:53:24 INFO: readAX
2024-11-15 03:53:24 INFO: readRAM
2024-11-15 03:53:30 INFO: FrmMain.cs, Risc/CRisc/Pic ReadCPU_3394(), find pcValue file, open it
2024-11-15 03:53:30 INFO: Sdcc项目，对PC=0x0000, 搜行号 ... ## 0 .
2024-11-15 03:53:30 INFO: C项目，在.lst文件中，没找到PC=0x0000所对应的行号, 再走一个步进试试.
2024-11-15 03:53:30 INFO: FrmMain.cs, Risc/CRisc/Pic ReadCPU_3394(), find pcValue file, open it
2024-11-15 03:53:30 INFO: Sdcc项目，对PC=0x0000, 搜行号 ... ## 0 .
2024-11-15 03:53:30 INFO: C项目，在.lst文件中，没找到PC=0x0000所对应的行号, 再走一个步进试试.
2024-11-15 03:53:30 INFO: Sdcc项目，对PC=0x0028, 搜行号 ... ## 0 .
2024-11-15 03:53:30 INFO: Sdcc项目，对PC=0x0028, 找到了
2024-11-15 03:53:30 INFO: update frmSys.propertyGrid_sys
2024-11-15 03:53:30 INFO: readAX
2024-11-15 03:53:30 INFO: readRAM
2024-11-15 03:53:30 INFO: Sdcc项目，对PC=0x0028, 搜行号 ... ## 0 .
2024-11-15 03:53:30 INFO: Sdcc项目，对PC=0x0028, 找到了
2024-11-15 03:53:30 INFO: update frmSys.propertyGrid_sys
2024-11-15 03:53:30 INFO: readAX
2024-11-15 03:53:30 INFO: readRAM
2024-11-15 03:53:30 INFO: FrmMain.cs, Risc/CRisc/Pic ReadCPU_3394(), find pcValue file, open it
2024-11-15 03:53:30 INFO: Sdcc项目，对PC=0x0000, 搜行号 ... ## 0 .
2024-11-15 03:53:30 INFO: C项目，在.lst文件中，没找到PC=0x0000所对应的行号, 再走一个步进试试.
2024-11-15 03:53:30 INFO: Sdcc项目，对PC=0x0028, 搜行号 ... ## 0 .
2024-11-15 03:53:30 INFO: Sdcc项目，对PC=0x0028, 找到了
2024-11-15 03:53:30 INFO: update frmSys.propertyGrid_sys
2024-11-15 03:53:30 INFO: readAX
2024-11-15 03:53:30 INFO: readRAM
2024-11-15 03:53:35 INFO: FrmMain.cs, Risc/CRisc/Pic ReadCPU_3394(), find pcValue file, open it
2024-11-15 03:53:35 INFO: Sdcc项目，对PC=0x0000, 搜行号 ... ## 0 .
2024-11-15 03:53:35 INFO: C项目，在.lst文件中，没找到PC=0x0000所对应的行号, 再走一个步进试试.
2024-11-15 03:53:35 INFO: Sdcc项目，对PC=0x0028, 搜行号 ... ## 0 .
2024-11-15 03:53:35 INFO: Sdcc项目，对PC=0x0028, 找到了
2024-11-15 03:53:35 INFO: update frmSys.propertyGrid_sys
2024-11-15 03:53:35 INFO: readAX
2024-11-15 03:53:35 INFO: readRAM
2024-11-15 03:53:35 INFO: FrmMain.cs, Risc/CRisc/Pic ReadCPU_3394(), find pcValue file, open it
2024-11-15 03:53:35 INFO: Sdcc项目，对PC=0x0028, 搜行号 ... ## 0 .
2024-11-15 03:53:35 INFO: Sdcc项目，对PC=0x0028, 找到了
2024-11-15 03:53:35 INFO: update frmSys.propertyGrid_sys
2024-11-15 03:53:35 INFO: readAX
2024-11-15 03:53:35 INFO: readRAM
2024-11-15 03:53:54 INFO: FrmMain.cs, Risc/CRisc/Pic ReadCPU_3394(), find pcValue file, open it
2024-11-15 03:53:54 INFO: Sdcc项目，对PC=0x0000, 搜行号 ... ## 0 .
2024-11-15 03:53:54 INFO: C项目，在.lst文件中，没找到PC=0x0000所对应的行号, 再走一个步进试试.
2024-11-15 03:53:54 INFO: Sdcc项目，对PC=0x0028, 搜行号 ... ## 0 .
2024-11-15 03:53:54 INFO: Sdcc项目，对PC=0x0028, 找到了
2024-11-15 03:53:54 INFO: update frmSys.propertyGrid_sys
2024-11-15 03:53:54 INFO: readAX
2024-11-15 03:53:54 INFO: readRAM
2024-11-15 03:53:57 INFO: FrmMain.cs, Risc/CRisc/Pic ReadCPU_3394(), find pcValue file, open it
2024-11-15 03:53:57 INFO: Sdcc项目，对PC=0x0000, 搜行号 ... ## 0 .
2024-11-15 03:53:57 INFO: C项目，在.lst文件中，没找到PC=0x0000所对应的行号, 再走一个步进试试.
2024-11-15 03:53:57 INFO: FrmMain.cs, Risc/CRisc/Pic ReadCPU_3394(), find pcValue file, open it
2024-11-15 03:53:57 INFO: Sdcc项目，对PC=0x0000, 搜行号 ... ## 0 .
2024-11-15 03:53:57 INFO: C项目，在.lst文件中，没找到PC=0x0000所对应的行号, 再走一个步进试试.
2024-11-15 03:53:57 INFO: Sdcc项目，对PC=0x0028, 搜行号 ... ## 0 .
2024-11-15 03:53:57 INFO: Sdcc项目，对PC=0x0028, 找到了
2024-11-15 03:53:57 INFO: update frmSys.propertyGrid_sys
2024-11-15 03:53:57 INFO: readAX
2024-11-15 03:53:57 INFO: readRAM
2024-11-15 03:54:05 INFO: FrmMain.cs, Risc/CRisc/Pic ReadCPU_3394(), find pcValue file, open it
2024-11-15 03:54:05 INFO: Sdcc项目，对PC=0x0000, 搜行号 ... ## 0 .
2024-11-15 03:54:05 INFO: C项目，在.lst文件中，没找到PC=0x0000所对应的行号, 再走一个步进试试.
2024-11-15 03:54:05 INFO: Sdcc项目，对PC=0x0028, 搜行号 ... ## 0 .
2024-11-15 03:54:05 INFO: Sdcc项目，对PC=0x0028, 找到了
2024-11-15 03:54:05 INFO: update frmSys.propertyGrid_sys
2024-11-15 03:54:05 INFO: readAX
2024-11-15 03:54:05 INFO: readRAM
2024-11-15 03:54:06 INFO: FrmMain.cs, Risc/CRisc/Pic ReadCPU_3394(), find pcValue file, open it
2024-11-15 03:54:06 INFO: Sdcc项目，对PC=0x0000, 搜行号 ... ## 0 .
2024-11-15 03:54:06 INFO: C项目，在.lst文件中，没找到PC=0x0000所对应的行号, 再走一个步进试试.
2024-11-15 03:54:06 INFO: Sdcc项目，对PC=0x0028, 搜行号 ... ## 0 .
2024-11-15 03:54:06 INFO: Sdcc项目，对PC=0x0028, 找到了
2024-11-15 03:54:06 INFO: update frmSys.propertyGrid_sys
2024-11-15 03:54:06 INFO: readAX
2024-11-15 03:54:06 INFO: readRAM
2024-11-15 03:55:02 INFO: FrmMain.cs, Risc/CRisc/Pic ReadCPU_3394(), find pcValue file, open it
2024-11-15 03:55:02 INFO: Sdcc项目，对PC=0x0000, 搜行号 ... ## 0 .
2024-11-15 03:55:02 INFO: C项目，在.lst文件中，没找到PC=0x0000所对应的行号, 再走一个步进试试.
2024-11-15 03:55:02 INFO: Sdcc项目，对PC=0x0028, 搜行号 ... ## 0 .
2024-11-15 03:55:02 INFO: Sdcc项目，对PC=0x0028, 找到了
2024-11-15 03:55:02 INFO: update frmSys.propertyGrid_sys
2024-11-15 03:55:02 INFO: readAX
2024-11-15 03:55:02 INFO: readRAM
2024-11-15 03:58:39 INFO: FrmMain.cs, Risc/CRisc/Pic ReadCPU_3394(), find pcValue file, open it
2024-11-15 03:58:39 INFO: Sdcc项目，对PC=0x0000, 搜行号 ... ## 0 .
2024-11-15 03:58:39 INFO: C项目，在.lst文件中，没找到PC=0x0000所对应的行号, 再走一个步进试试.
2024-11-15 03:58:39 INFO: Sdcc项目，对PC=0x0028, 搜行号 ... ## 0 .
2024-11-15 03:58:39 INFO: Sdcc项目，对PC=0x0028, 找到了
2024-11-15 03:58:39 INFO: update frmSys.propertyGrid_sys
2024-11-15 03:58:39 INFO: readAX
2024-11-15 03:58:39 INFO: readRAM
2024-11-15 03:58:41 INFO: FrmMain.cs, Risc/CRisc/Pic ReadCPU_3394(), find pcValue file, open it
2024-11-15 03:58:41 INFO: Sdcc项目，对PC=0x0000, 搜行号 ... ## 0 .
2024-11-15 03:58:41 INFO: C项目，在.lst文件中，没找到PC=0x0000所对应的行号, 再走一个步进试试.
2024-11-15 03:58:41 INFO: Sdcc项目，对PC=0x0028, 搜行号 ... ## 0 .
2024-11-15 03:58:41 INFO: Sdcc项目，对PC=0x0028, 找到了
2024-11-15 03:58:41 INFO: update frmSys.propertyGrid_sys
2024-11-15 03:58:41 INFO: readAX
2024-11-15 03:58:41 INFO: readRAM
2024-11-15 04:00:58 INFO: FrmMain.cs, Risc/CRisc/Pic ReadCPU_3394(), find pcValue file, open it
2024-11-15 04:00:58 INFO: Sdcc项目，对PC=0x00B0, 搜行号 ... ## 0 .
2024-11-15 04:00:58 INFO: Sdcc项目，对PC=0x00B0, 找到了
2024-11-15 04:00:58 INFO: update frmSys.propertyGrid_sys
2024-11-15 04:00:58 INFO: readAX
2024-11-15 04:00:58 INFO: readRAM
2024-11-15 04:00:58 INFO: FrmMain.cs, Risc/CRisc/Pic ReadCPU_3394(), find pcValue file, open it
2024-11-15 04:00:58 INFO: Sdcc项目，对PC=0x00B0, 搜行号 ... ## 0 .
2024-11-15 04:00:58 INFO: Sdcc项目，对PC=0x00B0, 找到了
2024-11-15 04:00:58 INFO: update frmSys.propertyGrid_sys
2024-11-15 04:00:58 INFO: readAX
2024-11-15 04:00:58 INFO: readRAM
2024-11-15 04:01:02 INFO: FrmMain.cs, Risc/CRisc/Pic ReadCPU_3394(), find pcValue file, open it
2024-11-15 04:01:02 INFO: Sdcc项目，对PC=0x0000, 搜行号 ... ## 0 .
2024-11-15 04:01:02 INFO: C项目，在.lst文件中，没找到PC=0x0000所对应的行号, 再走一个步进试试.
2024-11-15 04:01:02 INFO: Sdcc项目，对PC=0x0028, 搜行号 ... ## 0 .
2024-11-15 04:01:02 INFO: Sdcc项目，对PC=0x0028, 找到了
2024-11-15 04:01:02 INFO: update frmSys.propertyGrid_sys
2024-11-15 04:01:02 INFO: readAX
2024-11-15 04:01:02 INFO: readRAM
2024-11-15 04:03:33 INFO: FrmMain.cs, Risc/CRisc/Pic ReadCPU_3394(), find pcValue file, open it
2024-11-15 04:03:33 INFO: Sdcc项目，对PC=0x00B0, 搜行号 ... ## 0 .
2024-11-15 04:03:33 INFO: Sdcc项目，对PC=0x00B0, 找到了
2024-11-15 04:03:33 INFO: update frmSys.propertyGrid_sys
2024-11-15 04:03:33 INFO: readAX
2024-11-15 04:03:33 INFO: readRAM
2024-11-15 04:03:33 INFO: FrmMain.cs, Risc/CRisc/Pic ReadCPU_3394(), find pcValue file, open it
2024-11-15 04:03:33 INFO: Sdcc项目，对PC=0x00B0, 搜行号 ... ## 0 .
2024-11-15 04:03:33 INFO: Sdcc项目，对PC=0x00B0, 找到了
2024-11-15 04:03:33 INFO: update frmSys.propertyGrid_sys
2024-11-15 04:03:33 INFO: readAX
2024-11-15 04:03:33 INFO: readRAM
2024-11-15 04:03:39 INFO: FrmMain.cs, Risc/CRisc/Pic ReadCPU_3394(), find pcValue file, open it
2024-11-15 04:03:39 INFO: Sdcc项目，对PC=0x0000, 搜行号 ... ## 0 .
2024-11-15 04:03:39 INFO: C项目，在.lst文件中，没找到PC=0x0000所对应的行号, 再走一个步进试试.
2024-11-15 04:03:39 INFO: Sdcc项目，对PC=0x0028, 搜行号 ... ## 0 .
2024-11-15 04:03:39 INFO: Sdcc项目，对PC=0x0028, 找到了
2024-11-15 04:03:39 INFO: update frmSys.propertyGrid_sys
2024-11-15 04:03:39 INFO: readAX
2024-11-15 04:03:39 INFO: readRAM
2024-11-15 04:03:57 INFO: FrmMain.cs, Risc/CRisc/Pic ReadCPU_3394(), find pcValue file, open it
2024-11-15 04:03:57 INFO: Sdcc项目，对PC=0x0028, 搜行号 ... ## 0 .
2024-11-15 04:03:57 INFO: Sdcc项目，对PC=0x0028, 找到了
2024-11-15 04:03:57 INFO: update frmSys.propertyGrid_sys
2024-11-15 04:03:57 INFO: readAX
2024-11-15 04:03:57 INFO: readRAM
2024-11-15 04:04:02 INFO: FrmMain.cs, Risc/CRisc/Pic ReadCPU_3394(), find pcValue file, open it
2024-11-15 04:04:02 INFO: Sdcc项目，对PC=0x0000, 搜行号 ... ## 0 .
2024-11-15 04:04:02 INFO: C项目，在.lst文件中，没找到PC=0x0000所对应的行号, 再走一个步进试试.
2024-11-15 04:04:02 INFO: Sdcc项目，对PC=0x0028, 搜行号 ... ## 0 .
2024-11-15 04:04:02 INFO: Sdcc项目，对PC=0x0028, 找到了
2024-11-15 04:04:02 INFO: update frmSys.propertyGrid_sys
2024-11-15 04:04:02 INFO: readAX
2024-11-15 04:04:02 INFO: readRAM
2024-11-15 04:20:53 INFO: FrmMain.cs, Risc/CRisc/Pic ReadCPU_3394(), find pcValue file, open it
2024-11-15 04:20:53 INFO: Sdcc项目，对PC=0x00BF, 搜行号 ... ## 0 .
2024-11-15 04:20:53 INFO: Sdcc项目，对PC=0x00BF, 找到了
2024-11-15 04:20:53 INFO: update frmSys.propertyGrid_sys
2024-11-15 04:20:53 INFO: readAX
2024-11-15 04:20:53 INFO: readRAM
2024-11-15 04:20:53 INFO: FrmMain.cs, Risc/CRisc/Pic ReadCPU_3394(), find pcValue file, open it
2024-11-15 04:20:53 INFO: Sdcc项目，对PC=0x00BF, 搜行号 ... ## 0 .
2024-11-15 04:20:53 INFO: Sdcc项目，对PC=0x00BF, 找到了
2024-11-15 04:20:53 INFO: update frmSys.propertyGrid_sys
2024-11-15 04:20:53 INFO: readAX
2024-11-15 04:20:53 INFO: readRAM
2024-11-15 04:23:12 INFO: FrmMain.cs, Risc/CRisc/Pic ReadCPU_3394(), find pcValue file, open it
2024-11-15 04:23:12 INFO: Sdcc项目，对PC=0x0000, 搜行号 ... ## 0 .
2024-11-15 04:23:12 INFO: C项目，在.lst文件中，没找到PC=0x0000所对应的行号, 再走一个步进试试.
2024-11-15 04:23:12 INFO: Sdcc项目，对PC=0x0028, 搜行号 ... ## 0 .
2024-11-15 04:23:12 INFO: Sdcc项目，对PC=0x0028, 找到了
2024-11-15 04:23:12 INFO: update frmSys.propertyGrid_sys
2024-11-15 04:23:12 INFO: readAX
2024-11-15 04:23:12 INFO: readRAM
2024-11-15 04:23:14 INFO: FrmMain.cs, Risc/CRisc/Pic ReadCPU_3394(), find pcValue file, open it
2024-11-15 04:23:14 INFO: Sdcc项目，对PC=0x0000, 搜行号 ... ## 0 .
2024-11-15 04:23:14 INFO: C项目，在.lst文件中，没找到PC=0x0000所对应的行号, 再走一个步进试试.
2024-11-15 04:23:14 INFO: Sdcc项目，对PC=0x0028, 搜行号 ... ## 0 .
2024-11-15 04:23:14 INFO: Sdcc项目，对PC=0x0028, 找到了
2024-11-15 04:23:14 INFO: update frmSys.propertyGrid_sys
2024-11-15 04:23:14 INFO: readAX
2024-11-15 04:23:14 INFO: readRAM
2024-11-15 04:23:21 INFO: FrmMain.cs, Risc/CRisc/Pic ReadCPU_3394(), find pcValue file, open it
2024-11-15 04:23:21 INFO: Sdcc项目，对PC=0x0000, 搜行号 ... ## 0 .
2024-11-15 04:23:21 INFO: C项目，在.lst文件中，没找到PC=0x0000所对应的行号, 再走一个步进试试.
2024-11-15 04:23:21 INFO: Sdcc项目，对PC=0x0028, 搜行号 ... ## 0 .
2024-11-15 04:23:21 INFO: Sdcc项目，对PC=0x0028, 找到了
2024-11-15 04:23:21 INFO: update frmSys.propertyGrid_sys
2024-11-15 04:23:21 INFO: readAX
2024-11-15 04:23:21 INFO: readRAM
2024-11-15 04:23:22 INFO: FrmMain.cs, Risc/CRisc/Pic ReadCPU_3394(), find pcValue file, open it
2024-11-15 04:23:22 INFO: Sdcc项目，对PC=0x0028, 搜行号 ... ## 0 .
2024-11-15 04:23:22 INFO: Sdcc项目，对PC=0x0028, 找到了
2024-11-15 04:23:22 INFO: update frmSys.propertyGrid_sys
2024-11-15 04:23:22 INFO: readAX
2024-11-15 04:23:22 INFO: readRAM
2024-11-15 04:23:29 INFO: FrmMain.cs, Risc/CRisc/Pic ReadCPU_3394(), find pcValue file, open it
2024-11-15 04:23:29 INFO: Sdcc项目，对PC=0x0000, 搜行号 ... ## 0 .
2024-11-15 04:23:29 INFO: C项目，在.lst文件中，没找到PC=0x0000所对应的行号, 再走一个步进试试.
2024-11-15 04:23:29 INFO: Sdcc项目，对PC=0x0028, 搜行号 ... ## 0 .
2024-11-15 04:23:29 INFO: Sdcc项目，对PC=0x0028, 找到了
2024-11-15 04:23:29 INFO: update frmSys.propertyGrid_sys
2024-11-15 04:23:29 INFO: readAX
2024-11-15 04:23:29 INFO: readRAM
2024-11-15 04:23:32 INFO: FrmMain.cs, Risc/CRisc/Pic ReadCPU_3394(), find pcValue file, open it
2024-11-15 04:23:32 INFO: Sdcc项目，对PC=0x0000, 搜行号 ... ## 0 .
2024-11-15 04:23:32 INFO: C项目，在.lst文件中，没找到PC=0x0000所对应的行号, 再走一个步进试试.
2024-11-15 04:23:32 INFO: Sdcc项目，对PC=0x0028, 搜行号 ... ## 0 .
2024-11-15 04:23:32 INFO: Sdcc项目，对PC=0x0028, 找到了
2024-11-15 04:23:32 INFO: update frmSys.propertyGrid_sys
2024-11-15 04:23:32 INFO: readAX
2024-11-15 04:23:32 INFO: readRAM
2024-11-15 04:24:06 INFO: FrmMain.cs, Risc/CRisc/Pic ReadCPU_3394(), find pcValue file, open it
2024-11-15 04:24:06 INFO: Sdcc项目，对PC=0x0000, 搜行号 ... ## 0 .
2024-11-15 04:24:06 INFO: C项目，在.lst文件中，没找到PC=0x0000所对应的行号, 再走一个步进试试.
2024-11-15 04:24:06 INFO: Sdcc项目，对PC=0x0028, 搜行号 ... ## 0 .
2024-11-15 04:24:06 INFO: Sdcc项目，对PC=0x0028, 找到了
2024-11-15 04:24:06 INFO: update frmSys.propertyGrid_sys
2024-11-15 04:24:06 INFO: readAX
2024-11-15 04:24:06 INFO: readRAM
2024-11-15 04:25:54 INFO: FrmMain.cs, Risc/CRisc/Pic ReadCPU_3394(), find pcValue file, open it
2024-11-15 04:25:54 INFO: Sdcc项目，对PC=0x0000, 搜行号 ... ## 0 .
2024-11-15 04:25:54 INFO: C项目，在.lst文件中，没找到PC=0x0000所对应的行号, 再走一个步进试试.
2024-11-15 04:25:54 INFO: Sdcc项目，对PC=0x0028, 搜行号 ... ## 0 .
2024-11-15 04:25:54 INFO: Sdcc项目，对PC=0x0028, 找到了
2024-11-15 04:25:54 INFO: update frmSys.propertyGrid_sys
2024-11-15 04:25:54 INFO: readAX
2024-11-15 04:25:54 INFO: readRAM
2024-11-15 04:36:32 INFO: FrmMain.cs, Risc/CRisc/Pic ReadCPU_3394(), find pcValue file, open it
2024-11-15 04:36:32 INFO: Sdcc项目，对PC=0x0000, 搜行号 ... ## 0 .
2024-11-15 04:36:32 INFO: C项目，在.lst文件中，没找到PC=0x0000所对应的行号, 再走一个步进试试.
2024-11-15 04:36:32 INFO: Sdcc项目，对PC=0x0028, 搜行号 ... ## 0 .
2024-11-15 04:36:32 INFO: Sdcc项目，对PC=0x0028, 找到了
2024-11-15 04:36:32 INFO: update frmSys.propertyGrid_sys
2024-11-15 04:36:32 INFO: readAX
2024-11-15 04:36:32 INFO: readRAM
2024-11-15 04:36:34 INFO: FrmMain.cs, Risc/CRisc/Pic ReadCPU_3394(), find pcValue file, open it
2024-11-15 04:36:34 INFO: Sdcc项目，对PC=0x0000, 搜行号 ... ## 0 .
2024-11-15 04:36:34 INFO: C项目，在.lst文件中，没找到PC=0x0000所对应的行号, 再走一个步进试试.
2024-11-15 04:36:34 INFO: Sdcc项目，对PC=0x0028, 搜行号 ... ## 0 .
2024-11-15 04:36:34 INFO: Sdcc项目，对PC=0x0028, 找到了
2024-11-15 04:36:34 INFO: update frmSys.propertyGrid_sys
2024-11-15 04:36:34 INFO: readAX
2024-11-15 04:36:34 INFO: readRAM
2024-11-15 04:36:40 INFO: FrmMain.cs, Risc/CRisc/Pic ReadCPU_3394(), find pcValue file, open it
2024-11-15 04:36:40 INFO: Sdcc项目，对PC=0x0000, 搜行号 ... ## 0 .
2024-11-15 04:36:40 INFO: C项目，在.lst文件中，没找到PC=0x0000所对应的行号, 再走一个步进试试.
2024-11-15 04:36:40 INFO: Sdcc项目，对PC=0x0028, 搜行号 ... ## 0 .
2024-11-15 04:36:40 INFO: Sdcc项目，对PC=0x0028, 找到了
2024-11-15 04:36:40 INFO: update frmSys.propertyGrid_sys
2024-11-15 04:36:40 INFO: readAX
2024-11-15 04:36:40 INFO: readRAM
2024-11-15 04:36:40 INFO: FrmMain.cs, Risc/CRisc/Pic ReadCPU_3394(), find pcValue file, open it
2024-11-15 04:36:40 INFO: Sdcc项目，对PC=0x0028, 搜行号 ... ## 0 .
2024-11-15 04:36:40 INFO: Sdcc项目，对PC=0x0028, 找到了
2024-11-15 04:36:40 INFO: update frmSys.propertyGrid_sys
2024-11-15 04:36:40 INFO: readAX
2024-11-15 04:36:40 INFO: readRAM
2024-11-15 04:37:42 INFO: FrmMain.cs, Risc/CRisc/Pic ReadCPU_3394(), find pcValue file, open it
2024-11-15 04:37:42 INFO: Sdcc项目，对PC=0x0000, 搜行号 ... ## 0 .
2024-11-15 04:37:42 INFO: C项目，在.lst文件中，没找到PC=0x0000所对应的行号, 再走一个步进试试.
2024-11-15 04:37:42 INFO: Sdcc项目，对PC=0x0028, 搜行号 ... ## 0 .
2024-11-15 04:37:42 INFO: Sdcc项目，对PC=0x0028, 找到了
2024-11-15 04:37:42 INFO: update frmSys.propertyGrid_sys
2024-11-15 04:37:42 INFO: readAX
2024-11-15 04:37:42 INFO: readRAM
2024-11-15 04:37:43 INFO: FrmMain.cs, Risc/CRisc/Pic ReadCPU_3394(), find pcValue file, open it
2024-11-15 04:37:43 INFO: Sdcc项目，对PC=0x0000, 搜行号 ... ## 0 .
2024-11-15 04:37:43 INFO: C项目，在.lst文件中，没找到PC=0x0000所对应的行号, 再走一个步进试试.
2024-11-15 04:37:43 INFO: Sdcc项目，对PC=0x0028, 搜行号 ... ## 0 .
2024-11-15 04:37:43 INFO: Sdcc项目，对PC=0x0028, 找到了
2024-11-15 04:37:43 INFO: update frmSys.propertyGrid_sys
2024-11-15 04:37:43 INFO: readAX
2024-11-15 04:37:43 INFO: readRAM
2024-11-15 04:38:01 INFO: FrmMain.cs, Risc/CRisc/Pic ReadCPU_3394(), find pcValue file, open it
2024-11-15 04:38:01 INFO: Sdcc项目，对PC=0x0000, 搜行号 ... ## 0 .
2024-11-15 04:38:01 INFO: C项目，在.lst文件中，没找到PC=0x0000所对应的行号, 再走一个步进试试.
2024-11-15 04:38:01 INFO: Sdcc项目，对PC=0x0028, 搜行号 ... ## 0 .
2024-11-15 04:38:01 INFO: Sdcc项目，对PC=0x0028, 找到了
2024-11-15 04:38:01 INFO: update frmSys.propertyGrid_sys
2024-11-15 04:38:01 INFO: readAX
2024-11-15 04:38:01 INFO: readRAM
2024-11-15 04:38:01 INFO: FrmMain.cs, Risc/CRisc/Pic ReadCPU_3394(), find pcValue file, open it
2024-11-15 04:38:01 INFO: Sdcc项目，对PC=0x0028, 搜行号 ... ## 0 .
2024-11-15 04:38:01 INFO: Sdcc项目，对PC=0x0028, 找到了
2024-11-15 04:38:01 INFO: update frmSys.propertyGrid_sys
2024-11-15 04:38:01 INFO: readAX
2024-11-15 04:38:01 INFO: readRAM
2024-11-15 04:42:12 INFO: FrmMain.cs, Risc/CRisc/Pic ReadCPU_3394(), find pcValue file, open it
2024-11-15 04:42:12 INFO: Sdcc项目，对PC=0x0028, 搜行号 ... ## 0 .
2024-11-15 04:42:12 INFO: Sdcc项目，对PC=0x0028, 找到了
2024-11-15 04:42:12 INFO: update frmSys.propertyGrid_sys
2024-11-15 04:42:12 INFO: readAX
2024-11-15 04:42:12 INFO: readRAM
2024-11-15 04:42:17 INFO: FrmMain.cs, Risc/CRisc/Pic ReadCPU_3394(), find pcValue file, open it
2024-11-15 04:42:17 INFO: Sdcc项目，对PC=0x0000, 搜行号 ... ## 0 .
2024-11-15 04:42:17 INFO: C项目，在.lst文件中，没找到PC=0x0000所对应的行号, 再走一个步进试试.
2024-11-15 04:42:17 INFO: Sdcc项目，对PC=0x0028, 搜行号 ... ## 0 .
2024-11-15 04:42:17 INFO: Sdcc项目，对PC=0x0028, 找到了
2024-11-15 04:42:17 INFO: update frmSys.propertyGrid_sys
2024-11-15 04:42:17 INFO: readAX
2024-11-15 04:42:17 INFO: readRAM
2024-11-15 04:42:18 INFO: FrmMain.cs, Risc/CRisc/Pic ReadCPU_3394(), find pcValue file, open it
2024-11-15 04:42:18 INFO: Sdcc项目，对PC=0x0000, 搜行号 ... ## 0 .
2024-11-15 04:42:18 INFO: C项目，在.lst文件中，没找到PC=0x0000所对应的行号, 再走一个步进试试.
2024-11-15 04:42:18 INFO: Sdcc项目，对PC=0x0028, 搜行号 ... ## 0 .
2024-11-15 04:42:18 INFO: Sdcc项目，对PC=0x0028, 找到了
2024-11-15 04:42:18 INFO: update frmSys.propertyGrid_sys
2024-11-15 04:42:18 INFO: readAX
2024-11-15 04:42:18 INFO: readRAM
2024-11-15 04:45:12 INFO: FrmMain.cs, Risc/CRisc/Pic ReadCPU_3394(), find pcValue file, open it
2024-11-15 04:45:12 INFO: Sdcc项目，对PC=0x0000, 搜行号 ... ## 0 .
2024-11-15 04:45:12 INFO: C项目，在.lst文件中，没找到PC=0x0000所对应的行号, 再走一个步进试试.
2024-11-15 04:45:12 INFO: Sdcc项目，对PC=0x0028, 搜行号 ... ## 0 .
2024-11-15 04:45:12 INFO: Sdcc项目，对PC=0x0028, 找到了
2024-11-15 04:45:12 INFO: update frmSys.propertyGrid_sys
2024-11-15 04:45:12 INFO: readAX
2024-11-15 04:45:12 INFO: readRAM
2024-11-15 04:49:50 INFO: FrmMain.cs, Risc/CRisc/Pic ReadCPU_3394(), find pcValue file, open it
2024-11-15 04:49:50 INFO: Sdcc项目，对PC=0x016A, 搜行号 ... ## 0 .
2024-11-15 04:49:50 INFO: C项目，在.lst文件中，没找到PC=0x016A所对应的行号, 再走一个步进试试.
2024-11-15 04:49:50 INFO: FrmMain.cs, Risc/CRisc/Pic ReadCPU_3394(), find pcValue file, open it
2024-11-15 04:49:50 INFO: Sdcc项目，对PC=0x016A, 搜行号 ... ## 0 .
2024-11-15 04:49:50 INFO: C项目，在.lst文件中，没找到PC=0x016A所对应的行号, 再走一个步进试试.
2024-11-15 04:49:50 INFO: Sdcc项目，对PC=0x0169, 搜行号 ... ## 0 .
2024-11-15 04:49:50 INFO: Sdcc项目，对PC=0x0169, 找到了
2024-11-15 04:49:50 INFO: update frmSys.propertyGrid_sys
2024-11-15 04:49:50 INFO: readAX
2024-11-15 04:49:50 INFO: readRAM
2024-11-15 04:49:57 INFO: FrmMain.cs, Risc/CRisc/Pic ReadCPU_3394(), find pcValue file, open it
2024-11-15 04:49:57 INFO: Sdcc项目，对PC=0x0000, 搜行号 ... ## 0 .
2024-11-15 04:49:57 INFO: C项目，在.lst文件中，没找到PC=0x0000所对应的行号, 再走一个步进试试.
2024-11-15 04:49:57 INFO: FrmMain.cs, Risc/CRisc/Pic ReadCPU_3394(), find pcValue file, open it
2024-11-15 04:49:57 INFO: Sdcc项目，对PC=0x0000, 搜行号 ... ## 0 .
2024-11-15 04:49:57 INFO: C项目，在.lst文件中，没找到PC=0x0000所对应的行号, 再走一个步进试试.
2024-11-15 04:49:57 INFO: Sdcc项目，对PC=0x0028, 搜行号 ... ## 0 .
2024-11-15 04:49:57 INFO: Sdcc项目，对PC=0x0028, 找到了
2024-11-15 04:49:57 INFO: update frmSys.propertyGrid_sys
2024-11-15 04:49:57 INFO: readAX
2024-11-15 04:49:57 INFO: readRAM
2024-11-15 04:50:02 INFO: FrmMain.cs, Risc/CRisc/Pic ReadCPU_3394(), find pcValue file, open it
2024-11-15 04:50:02 INFO: Sdcc项目，对PC=0x0000, 搜行号 ... ## 0 .
2024-11-15 04:50:02 INFO: C项目，在.lst文件中，没找到PC=0x0000所对应的行号, 再走一个步进试试.
2024-11-15 04:50:02 INFO: Sdcc项目，对PC=0x0028, 搜行号 ... ## 0 .
2024-11-15 04:50:02 INFO: Sdcc项目，对PC=0x0028, 找到了
2024-11-15 04:50:02 INFO: update frmSys.propertyGrid_sys
2024-11-15 04:50:02 INFO: readAX
2024-11-15 04:50:02 INFO: readRAM
2024-11-15 04:50:02 INFO: Sdcc项目，对PC=0x014B, 搜行号 ... ## 0 .
2024-11-15 04:50:02 INFO: Sdcc项目，对PC=0x014B, 找到了
2024-11-15 04:50:02 INFO: update frmSys.propertyGrid_sys
2024-11-15 04:50:02 INFO: readAX
2024-11-15 04:50:02 INFO: readRAM
2024-11-15 04:50:09 INFO: FrmMain.cs, Risc/CRisc/Pic ReadCPU_3394(), find pcValue file, open it
2024-11-15 04:50:09 INFO: Sdcc项目，对PC=0x0000, 搜行号 ... ## 0 .
2024-11-15 04:50:09 INFO: C项目，在.lst文件中，没找到PC=0x0000所对应的行号, 再走一个步进试试.
2024-11-15 04:50:09 INFO: Sdcc项目，对PC=0x0028, 搜行号 ... ## 0 .
2024-11-15 04:50:09 INFO: Sdcc项目，对PC=0x0028, 找到了
2024-11-15 04:50:09 INFO: update frmSys.propertyGrid_sys
2024-11-15 04:50:09 INFO: readAX
2024-11-15 04:50:09 INFO: readRAM
2024-11-15 04:50:11 INFO: FrmMain.cs, Risc/CRisc/Pic ReadCPU_3394(), find pcValue file, open it
2024-11-15 04:50:11 INFO: Sdcc项目，对PC=0x0000, 搜行号 ... ## 0 .
2024-11-15 04:50:11 INFO: C项目，在.lst文件中，没找到PC=0x0000所对应的行号, 再走一个步进试试.
2024-11-15 04:50:11 INFO: Sdcc项目，对PC=0x0028, 搜行号 ... ## 0 .
2024-11-15 04:50:11 INFO: Sdcc项目，对PC=0x0028, 找到了
2024-11-15 04:50:11 INFO: update frmSys.propertyGrid_sys
2024-11-15 04:50:11 INFO: readAX
2024-11-15 04:50:11 INFO: readRAM
2024-11-15 04:51:48 INFO: FrmMain.cs, Risc/CRisc/Pic ReadCPU_3394(), find pcValue file, open it
2024-11-15 04:51:48 INFO: Sdcc项目，对PC=0x016C, 搜行号 ... ## 0 .
2024-11-15 04:51:48 INFO: Sdcc项目，对PC=0x016C, 找到了
2024-11-15 04:51:48 INFO: update frmSys.propertyGrid_sys
2024-11-15 04:51:48 INFO: readAX
2024-11-15 04:51:48 INFO: readRAM
2024-11-15 04:51:48 INFO: FrmMain.cs, Risc/CRisc/Pic ReadCPU_3394(), find pcValue file, open it
2024-11-15 04:51:48 INFO: Sdcc项目，对PC=0x016C, 搜行号 ... ## 0 .
2024-11-15 04:51:48 INFO: Sdcc项目，对PC=0x016C, 找到了
2024-11-15 04:51:48 INFO: update frmSys.propertyGrid_sys
2024-11-15 04:51:48 INFO: readAX
2024-11-15 04:51:48 INFO: readRAM
2024-11-15 04:51:53 INFO: FrmMain.cs, Risc/CRisc/Pic ReadCPU_3394(), find pcValue file, open it
2024-11-15 04:51:53 INFO: Sdcc项目，对PC=0x0000, 搜行号 ... ## 0 .
2024-11-15 04:51:53 INFO: C项目，在.lst文件中，没找到PC=0x0000所对应的行号, 再走一个步进试试.
2024-11-15 04:51:53 INFO: Sdcc项目，对PC=0x0028, 搜行号 ... ## 0 .
2024-11-15 04:51:53 INFO: Sdcc项目，对PC=0x0028, 找到了
2024-11-15 04:51:53 INFO: update frmSys.propertyGrid_sys
2024-11-15 04:51:54 INFO: readAX
2024-11-15 04:51:54 INFO: readRAM
2024-11-15 04:51:54 INFO: FrmMain.cs, Risc/CRisc/Pic ReadCPU_3394(), find pcValue file, open it
2024-11-15 04:51:54 INFO: Sdcc项目，对PC=0x0000, 搜行号 ... ## 0 .
2024-11-15 04:51:54 INFO: C项目，在.lst文件中，没找到PC=0x0000所对应的行号, 再走一个步进试试.
2024-11-15 04:51:54 INFO: Sdcc项目，对PC=0x0028, 搜行号 ... ## 0 .
2024-11-15 04:51:54 INFO: Sdcc项目，对PC=0x0028, 找到了
2024-11-15 04:51:54 INFO: update frmSys.propertyGrid_sys
2024-11-15 04:51:54 INFO: readAX
2024-11-15 04:51:54 INFO: readRAM
2024-11-15 04:54:58 INFO: FrmMain.cs, Risc/CRisc/Pic ReadCPU_3394(), find pcValue file, open it
2024-11-15 04:54:58 INFO: Sdcc项目，对PC=0x0000, 搜行号 ... ## 0 .
2024-11-15 04:54:58 INFO: C项目，在.lst文件中，没找到PC=0x0000所对应的行号, 再走一个步进试试.
2024-11-15 04:54:58 INFO: Sdcc项目，对PC=0x0028, 搜行号 ... ## 0 .
2024-11-15 04:54:58 INFO: Sdcc项目，对PC=0x0028, 找到了
2024-11-15 04:54:58 INFO: update frmSys.propertyGrid_sys
2024-11-15 04:54:58 INFO: readAX
2024-11-15 04:54:58 INFO: readRAM
2024-11-15 04:56:02 INFO: FrmMain.cs, Risc/CRisc/Pic ReadCPU_3394(), find pcValue file, open it
2024-11-15 04:56:02 INFO: Sdcc项目，对PC=0x0000, 搜行号 ... ## 0 .
2024-11-15 04:56:02 INFO: C项目，在.lst文件中，没找到PC=0x0000所对应的行号, 再走一个步进试试.
2024-11-15 04:56:02 INFO: Sdcc项目，对PC=0x0028, 搜行号 ... ## 0 .
2024-11-15 04:56:02 INFO: Sdcc项目，对PC=0x0028, 找到了
2024-11-15 04:56:02 INFO: update frmSys.propertyGrid_sys
2024-11-15 04:56:02 INFO: readAX
2024-11-15 04:56:02 INFO: readRAM
2024-11-15 04:56:03 INFO: FrmMain.cs, Risc/CRisc/Pic ReadCPU_3394(), find pcValue file, open it
2024-11-15 04:56:03 INFO: Sdcc项目，对PC=0x0000, 搜行号 ... ## 0 .
2024-11-15 04:56:03 INFO: C项目，在.lst文件中，没找到PC=0x0000所对应的行号, 再走一个步进试试.
2024-11-15 04:56:03 INFO: Sdcc项目，对PC=0x0028, 搜行号 ... ## 0 .
2024-11-15 04:56:03 INFO: Sdcc项目，对PC=0x0028, 找到了
2024-11-15 04:56:03 INFO: update frmSys.propertyGrid_sys
2024-11-15 04:56:03 INFO: readAX
2024-11-15 04:56:03 INFO: readRAM
2024-11-15 04:57:28 INFO: FrmMain.cs, Risc/CRisc/Pic ReadCPU_3394(), find pcValue file, open it
2024-11-15 04:57:28 INFO: Sdcc项目，对PC=0x0000, 搜行号 ... ## 0 .
2024-11-15 04:57:28 INFO: C项目，在.lst文件中，没找到PC=0x0000所对应的行号, 再走一个步进试试.
2024-11-15 04:57:28 INFO: Sdcc项目，对PC=0x0028, 搜行号 ... ## 0 .
2024-11-15 04:57:28 INFO: Sdcc项目，对PC=0x0028, 找到了
2024-11-15 04:57:28 INFO: update frmSys.propertyGrid_sys
2024-11-15 04:57:28 INFO: readAX
2024-11-15 04:57:28 INFO: readRAM
2024-11-15 05:00:45 INFO: FrmMain.cs, Risc/CRisc/Pic ReadCPU_3394(), find pcValue file, open it
2024-11-15 05:00:45 INFO: Sdcc项目，对PC=0x0000, 搜行号 ... ## 0 .
2024-11-15 05:00:45 INFO: C项目，在.lst文件中，没找到PC=0x0000所对应的行号, 再走一个步进试试.
2024-11-15 05:00:45 INFO: Sdcc项目，对PC=0x0028, 搜行号 ... ## 0 .
2024-11-15 05:00:45 INFO: Sdcc项目，对PC=0x0028, 找到了
2024-11-15 05:00:45 INFO: update frmSys.propertyGrid_sys
2024-11-15 05:00:45 INFO: readAX
2024-11-15 05:00:45 INFO: readRAM
2024-11-15 05:01:36 INFO: FrmMain.cs, Risc/CRisc/Pic ReadCPU_3394(), find pcValue file, open it
2024-11-15 05:01:36 INFO: Sdcc项目，对PC=0x0000, 搜行号 ... ## 0 .
2024-11-15 05:01:36 INFO: C项目，在.lst文件中，没找到PC=0x0000所对应的行号, 再走一个步进试试.
2024-11-15 05:01:36 INFO: Sdcc项目，对PC=0x0028, 搜行号 ... ## 0 .
2024-11-15 05:01:36 INFO: Sdcc项目，对PC=0x0028, 找到了
2024-11-15 05:01:36 INFO: update frmSys.propertyGrid_sys
2024-11-15 05:01:36 INFO: readAX
2024-11-15 05:01:36 INFO: readRAM
2024-11-15 05:01:37 INFO: FrmMain.cs, Risc/CRisc/Pic ReadCPU_3394(), find pcValue file, open it
2024-11-15 05:01:37 INFO: Sdcc项目，对PC=0x0000, 搜行号 ... ## 0 .
2024-11-15 05:01:37 INFO: C项目，在.lst文件中，没找到PC=0x0000所对应的行号, 再走一个步进试试.
2024-11-15 05:01:37 INFO: Sdcc项目，对PC=0x0028, 搜行号 ... ## 0 .
2024-11-15 05:01:37 INFO: Sdcc项目，对PC=0x0028, 找到了
2024-11-15 05:01:37 INFO: update frmSys.propertyGrid_sys
2024-11-15 05:01:37 INFO: readAX
2024-11-15 05:01:37 INFO: readRAM
2024-11-15 05:01:42 INFO: FrmMain.cs, Risc/CRisc/Pic ReadCPU_3394(), find pcValue file, open it
2024-11-15 05:01:42 INFO: Sdcc项目，对PC=0x0000, 搜行号 ... ## 0 .
2024-11-15 05:01:42 INFO: C项目，在.lst文件中，没找到PC=0x0000所对应的行号, 再走一个步进试试.
2024-11-15 05:01:42 INFO: Sdcc项目，对PC=0x0028, 搜行号 ... ## 0 .
2024-11-15 05:01:42 INFO: Sdcc项目，对PC=0x0028, 找到了
2024-11-15 05:01:42 INFO: update frmSys.propertyGrid_sys
2024-11-15 05:01:42 INFO: readAX
2024-11-15 05:01:42 INFO: readRAM
2024-11-15 05:01:43 INFO: FrmMain.cs, Risc/CRisc/Pic ReadCPU_3394(), find pcValue file, open it
2024-11-15 05:01:43 INFO: Sdcc项目，对PC=0x0028, 搜行号 ... ## 0 .
2024-11-15 05:01:43 INFO: Sdcc项目，对PC=0x0028, 找到了
2024-11-15 05:01:43 INFO: update frmSys.propertyGrid_sys
2024-11-15 05:01:43 INFO: readAX
2024-11-15 05:01:43 INFO: readRAM
2024-11-15 05:01:46 INFO: FrmMain.cs, Risc/CRisc/Pic ReadCPU_3394(), find pcValue file, open it
2024-11-15 05:01:46 INFO: Sdcc项目，对PC=0x0000, 搜行号 ... ## 0 .
2024-11-15 05:01:46 INFO: C项目，在.lst文件中，没找到PC=0x0000所对应的行号, 再走一个步进试试.
2024-11-15 05:01:46 INFO: Sdcc项目，对PC=0x0028, 搜行号 ... ## 0 .
2024-11-15 05:01:46 INFO: Sdcc项目，对PC=0x0028, 找到了
2024-11-15 05:01:46 INFO: update frmSys.propertyGrid_sys
2024-11-15 05:01:46 INFO: readAX
2024-11-15 05:01:46 INFO: readRAM
2024-11-15 05:01:46 INFO: FrmMain.cs, Risc/CRisc/Pic ReadCPU_3394(), find pcValue file, open it
2024-11-15 05:01:46 INFO: Sdcc项目，对PC=0x0028, 搜行号 ... ## 0 .
2024-11-15 05:01:46 INFO: Sdcc项目，对PC=0x0028, 找到了
2024-11-15 05:01:46 INFO: update frmSys.propertyGrid_sys
2024-11-15 05:01:46 INFO: readAX
2024-11-15 05:01:46 INFO: readRAM
2024-11-15 05:02:20 INFO: FrmMain.cs, Risc/CRisc/Pic ReadCPU_3394(), find pcValue file, open it
2024-11-15 05:02:21 INFO: Sdcc项目，对PC=0x0000, 搜行号 ... ## 0 .
2024-11-15 05:02:21 INFO: C项目，在.lst文件中，没找到PC=0x0000所对应的行号, 再走一个步进试试.
2024-11-15 05:02:21 INFO: Sdcc项目，对PC=0x0028, 搜行号 ... ## 0 .
2024-11-15 05:02:21 INFO: Sdcc项目，对PC=0x0028, 找到了
2024-11-15 05:02:21 INFO: update frmSys.propertyGrid_sys
2024-11-15 05:02:21 INFO: readAX
2024-11-15 05:02:21 INFO: readRAM
2024-11-15 05:02:22 INFO: FrmMain.cs, Risc/CRisc/Pic ReadCPU_3394(), find pcValue file, open it
2024-11-15 05:02:22 INFO: Sdcc项目，对PC=0x0000, 搜行号 ... ## 0 .
2024-11-15 05:02:22 INFO: C项目，在.lst文件中，没找到PC=0x0000所对应的行号, 再走一个步进试试.
2024-11-15 05:02:22 INFO: Sdcc项目，对PC=0x0028, 搜行号 ... ## 0 .
2024-11-15 05:02:22 INFO: Sdcc项目，对PC=0x0028, 找到了
2024-11-15 05:02:22 INFO: update frmSys.propertyGrid_sys
2024-11-15 05:02:22 INFO: readAX
2024-11-15 05:02:22 INFO: readRAM
2024-11-15 05:02:29 INFO: FrmMain.cs, Risc/CRisc/Pic ReadCPU_3394(), find pcValue file, open it
2024-11-15 05:02:29 INFO: Sdcc项目，对PC=0x0000, 搜行号 ... ## 0 .
2024-11-15 05:02:29 INFO: C项目，在.lst文件中，没找到PC=0x0000所对应的行号, 再走一个步进试试.
2024-11-15 05:02:29 INFO: Sdcc项目，对PC=0x0028, 搜行号 ... ## 0 .
2024-11-15 05:02:29 INFO: Sdcc项目，对PC=0x0028, 找到了
2024-11-15 05:02:29 INFO: update frmSys.propertyGrid_sys
2024-11-15 05:02:29 INFO: readAX
2024-11-15 05:02:29 INFO: readRAM
2024-11-15 05:02:29 INFO: FrmMain.cs, Risc/CRisc/Pic ReadCPU_3394(), find pcValue file, open it
2024-11-15 05:02:29 INFO: Sdcc项目，对PC=0x0028, 搜行号 ... ## 0 .
2024-11-15 05:02:29 INFO: Sdcc项目，对PC=0x0028, 找到了
2024-11-15 05:02:29 INFO: update frmSys.propertyGrid_sys
2024-11-15 05:02:29 INFO: readAX
2024-11-15 05:02:29 INFO: readRAM
2024-11-15 05:02:33 INFO: FrmMain.cs, Risc/CRisc/Pic ReadCPU_3394(), find pcValue file, open it
2024-11-15 05:02:33 INFO: Sdcc项目，对PC=0x0000, 搜行号 ... ## 0 .
2024-11-15 05:02:33 INFO: C项目，在.lst文件中，没找到PC=0x0000所对应的行号, 再走一个步进试试.
2024-11-15 05:02:33 INFO: Sdcc项目，对PC=0x0028, 搜行号 ... ## 0 .
2024-11-15 05:02:33 INFO: Sdcc项目，对PC=0x0028, 找到了
2024-11-15 05:02:33 INFO: update frmSys.propertyGrid_sys
2024-11-15 05:02:33 INFO: readAX
2024-11-15 05:02:33 INFO: readRAM
2024-11-15 05:02:33 INFO: FrmMain.cs, Risc/CRisc/Pic ReadCPU_3394(), find pcValue file, open it
2024-11-15 05:02:33 INFO: Sdcc项目，对PC=0x0028, 搜行号 ... ## 0 .
2024-11-15 05:02:33 INFO: Sdcc项目，对PC=0x0028, 找到了
2024-11-15 05:02:33 INFO: update frmSys.propertyGrid_sys
2024-11-15 05:02:33 INFO: readAX
2024-11-15 05:02:33 INFO: readRAM
2024-11-15 05:03:21 INFO: FrmMain.cs, Risc/CRisc/Pic ReadCPU_3394(), find pcValue file, open it
2024-11-15 05:03:21 INFO: Sdcc项目，对PC=0x0000, 搜行号 ... ## 0 .
2024-11-15 05:03:21 INFO: C项目，在.lst文件中，没找到PC=0x0000所对应的行号, 再走一个步进试试.
2024-11-15 05:03:21 INFO: Sdcc项目，对PC=0x0028, 搜行号 ... ## 0 .
2024-11-15 05:03:21 INFO: Sdcc项目，对PC=0x0028, 找到了
2024-11-15 05:03:21 INFO: update frmSys.propertyGrid_sys
2024-11-15 05:03:21 INFO: readAX
2024-11-15 05:03:21 INFO: readRAM
2024-11-15 05:03:22 INFO: FrmMain.cs, Risc/CRisc/Pic ReadCPU_3394(), find pcValue file, open it
2024-11-15 05:03:22 INFO: Sdcc项目，对PC=0x0000, 搜行号 ... ## 0 .
2024-11-15 05:03:22 INFO: C项目，在.lst文件中，没找到PC=0x0000所对应的行号, 再走一个步进试试.
2024-11-15 05:03:22 INFO: Sdcc项目，对PC=0x0028, 搜行号 ... ## 0 .
2024-11-15 05:03:22 INFO: Sdcc项目，对PC=0x0028, 找到了
2024-11-15 05:03:22 INFO: update frmSys.propertyGrid_sys
2024-11-15 05:03:22 INFO: readAX
2024-11-15 05:03:22 INFO: readRAM
2024-11-15 05:03:35 INFO: FrmMain.cs, Risc/CRisc/Pic ReadCPU_3394(), find pcValue file, open it
2024-11-15 05:03:35 INFO: Sdcc项目，对PC=0x0000, 搜行号 ... ## 0 .
2024-11-15 05:03:35 INFO: C项目，在.lst文件中，没找到PC=0x0000所对应的行号, 再走一个步进试试.
2024-11-15 05:03:35 INFO: Sdcc项目，对PC=0x0028, 搜行号 ... ## 0 .
2024-11-15 05:03:35 INFO: Sdcc项目，对PC=0x0028, 找到了
2024-11-15 05:03:35 INFO: update frmSys.propertyGrid_sys
2024-11-15 05:03:35 INFO: readAX
2024-11-15 05:03:35 INFO: readRAM
2024-11-15 05:03:35 INFO: FrmMain.cs, Risc/CRisc/Pic ReadCPU_3394(), find pcValue file, open it
2024-11-15 05:03:35 INFO: Sdcc项目，对PC=0x0028, 搜行号 ... ## 0 .
2024-11-15 05:03:35 INFO: Sdcc项目，对PC=0x0028, 找到了
2024-11-15 05:03:35 INFO: update frmSys.propertyGrid_sys
2024-11-15 05:03:35 INFO: readAX
2024-11-15 05:03:35 INFO: readRAM
2024-11-15 05:03:36 INFO: FrmMain.cs, Risc/CRisc/Pic ReadCPU_3394(), find pcValue file, open it
2024-11-15 05:03:36 INFO: Sdcc项目，对PC=0x0028, 搜行号 ... ## 0 .
2024-11-15 05:03:36 INFO: Sdcc项目，对PC=0x0028, 找到了
2024-11-15 05:03:36 INFO: update frmSys.propertyGrid_sys
2024-11-15 05:03:36 INFO: readAX
2024-11-15 05:03:36 INFO: readRAM
2024-11-15 05:03:41 INFO: FrmMain.cs, Risc/CRisc/Pic ReadCPU_3394(), find pcValue file, open it
2024-11-15 05:03:41 INFO: Sdcc项目，对PC=0x0000, 搜行号 ... ## 0 .
2024-11-15 05:03:41 INFO: C项目，在.lst文件中，没找到PC=0x0000所对应的行号, 再走一个步进试试.
2024-11-15 05:03:41 INFO: Sdcc项目，对PC=0x0028, 搜行号 ... ## 0 .
2024-11-15 05:03:41 INFO: Sdcc项目，对PC=0x0028, 找到了
2024-11-15 05:03:41 INFO: update frmSys.propertyGrid_sys
2024-11-15 05:03:41 INFO: readAX
2024-11-15 05:03:41 INFO: readRAM
2024-11-15 05:03:43 INFO: FrmMain.cs, Risc/CRisc/Pic ReadCPU_3394(), find pcValue file, open it
2024-11-15 05:03:43 INFO: Sdcc项目，对PC=0x0000, 搜行号 ... ## 0 .
2024-11-15 05:03:43 INFO: C项目，在.lst文件中，没找到PC=0x0000所对应的行号, 再走一个步进试试.
2024-11-15 05:03:43 INFO: Sdcc项目，对PC=0x0028, 搜行号 ... ## 0 .
2024-11-15 05:03:43 INFO: Sdcc项目，对PC=0x0028, 找到了
2024-11-15 05:03:43 INFO: update frmSys.propertyGrid_sys
2024-11-15 05:03:43 INFO: readAX
2024-11-15 05:03:43 INFO: readRAM
2024-11-15 05:04:02 INFO: FrmMain.cs, Risc/CRisc/Pic ReadCPU_3394(), find pcValue file, open it
2024-11-15 05:04:02 INFO: Sdcc项目，对PC=0x0000, 搜行号 ... ## 0 .
2024-11-15 05:04:02 INFO: C项目，在.lst文件中，没找到PC=0x0000所对应的行号, 再走一个步进试试.
2024-11-15 05:04:02 INFO: Sdcc项目，对PC=0x0028, 搜行号 ... ## 0 .
2024-11-15 05:04:02 INFO: Sdcc项目，对PC=0x0028, 找到了
2024-11-15 05:04:02 INFO: update frmSys.propertyGrid_sys
2024-11-15 05:04:02 INFO: readAX
2024-11-15 05:04:02 INFO: readRAM
2024-11-15 05:04:02 INFO: FrmMain.cs, Risc/CRisc/Pic ReadCPU_3394(), find pcValue file, open it
2024-11-15 05:04:02 INFO: Sdcc项目，对PC=0x0028, 搜行号 ... ## 0 .
2024-11-15 05:04:02 INFO: Sdcc项目，对PC=0x0028, 找到了
2024-11-15 05:04:02 INFO: update frmSys.propertyGrid_sys
2024-11-15 05:04:02 INFO: readAX
2024-11-15 05:04:02 INFO: readRAM
2024-11-15 05:05:23 INFO: FrmMain.cs, Risc/CRisc/Pic ReadCPU_3394(), find pcValue file, open it
2024-11-15 05:05:23 INFO: Sdcc项目，对PC=0x0000, 搜行号 ... ## 0 .
2024-11-15 05:05:23 INFO: C项目，在.lst文件中，没找到PC=0x0000所对应的行号, 再走一个步进试试.
2024-11-15 05:05:23 INFO: Sdcc项目，对PC=0x0028, 搜行号 ... ## 0 .
2024-11-15 05:05:23 INFO: Sdcc项目，对PC=0x0028, 找到了
2024-11-15 05:05:23 INFO: update frmSys.propertyGrid_sys
2024-11-15 05:05:23 INFO: readAX
2024-11-15 05:05:23 INFO: readRAM
2024-11-15 05:05:24 INFO: FrmMain.cs, Risc/CRisc/Pic ReadCPU_3394(), find pcValue file, open it
2024-11-15 05:05:24 INFO: Sdcc项目，对PC=0x0000, 搜行号 ... ## 0 .
2024-11-15 05:05:24 INFO: C项目，在.lst文件中，没找到PC=0x0000所对应的行号, 再走一个步进试试.
2024-11-15 05:05:25 INFO: Sdcc项目，对PC=0x0028, 搜行号 ... ## 0 .
2024-11-15 05:05:25 INFO: Sdcc项目，对PC=0x0028, 找到了
2024-11-15 05:05:25 INFO: update frmSys.propertyGrid_sys
2024-11-15 05:05:25 INFO: readAX
2024-11-15 05:05:25 INFO: readRAM
2024-11-15 05:08:09 INFO: FrmMain.cs, Risc/CRisc/Pic ReadCPU_3394(), find pcValue file, open it
2024-11-15 05:08:09 INFO: Sdcc项目，对PC=0x0000, 搜行号 ... ## 0 .
2024-11-15 05:08:09 INFO: C项目，在.lst文件中，没找到PC=0x0000所对应的行号, 再走一个步进试试.
2024-11-15 05:08:10 INFO: Sdcc项目，对PC=0x0028, 搜行号 ... ## 0 .
2024-11-15 05:08:10 INFO: Sdcc项目，对PC=0x0028, 找到了
2024-11-15 05:08:10 INFO: update frmSys.propertyGrid_sys
2024-11-15 05:08:10 INFO: readAX
2024-11-15 05:08:10 INFO: readRAM
2024-11-15 05:08:10 INFO: FrmMain.cs, Risc/CRisc/Pic ReadCPU_3394(), find pcValue file, open it
2024-11-15 05:08:10 INFO: Sdcc项目，对PC=0x0000, 搜行号 ... ## 0 .
2024-11-15 05:08:10 INFO: C项目，在.lst文件中，没找到PC=0x0000所对应的行号, 再走一个步进试试.
2024-11-15 05:08:10 INFO: Sdcc项目，对PC=0x0028, 搜行号 ... ## 0 .
2024-11-15 05:08:10 INFO: Sdcc项目，对PC=0x0028, 找到了
2024-11-15 05:08:10 INFO: update frmSys.propertyGrid_sys
2024-11-15 05:08:10 INFO: readAX
2024-11-15 05:08:10 INFO: readRAM
2024-11-15 05:08:18 INFO: FrmMain.cs, Risc/CRisc/Pic ReadCPU_3394(), find pcValue file, open it
2024-11-15 05:08:18 INFO: Sdcc项目，对PC=0x0000, 搜行号 ... ## 0 .
2024-11-15 05:08:18 INFO: C项目，在.lst文件中，没找到PC=0x0000所对应的行号, 再走一个步进试试.
2024-11-15 05:08:18 INFO: Sdcc项目，对PC=0x0028, 搜行号 ... ## 0 .
2024-11-15 05:08:18 INFO: Sdcc项目，对PC=0x0028, 找到了
2024-11-15 05:08:18 INFO: update frmSys.propertyGrid_sys
2024-11-15 05:08:18 INFO: readAX
2024-11-15 05:08:18 INFO: readRAM
2024-11-15 05:08:18 INFO: FrmMain.cs, Risc/CRisc/Pic ReadCPU_3394(), find pcValue file, open it
2024-11-15 05:08:18 INFO: Sdcc项目，对PC=0x0028, 搜行号 ... ## 0 .
2024-11-15 05:08:18 INFO: Sdcc项目，对PC=0x0028, 找到了
2024-11-15 05:08:18 INFO: update frmSys.propertyGrid_sys
2024-11-15 05:08:18 INFO: readAX
2024-11-15 05:08:18 INFO: readRAM
2024-11-15 05:09:40 INFO: FrmMain.cs, Risc/CRisc/Pic ReadCPU_3394(), find pcValue file, open it
2024-11-15 05:09:40 INFO: Sdcc项目，对PC=0x0028, 搜行号 ... ## 0 .
2024-11-15 05:09:40 INFO: Sdcc项目，对PC=0x0028, 找到了
2024-11-15 05:09:40 INFO: update frmSys.propertyGrid_sys
2024-11-15 05:09:40 INFO: readAX
2024-11-15 05:09:40 INFO: readRAM
2024-11-15 05:09:57 INFO: FrmMain.cs, Risc/CRisc/Pic ReadCPU_3394(), find pcValue file, open it
2024-11-15 05:09:57 INFO: Sdcc项目，对PC=0x0000, 搜行号 ... ## 0 .
2024-11-15 05:09:57 INFO: C项目，在.lst文件中，没找到PC=0x0000所对应的行号, 再走一个步进试试.
2024-11-15 05:09:57 INFO: Sdcc项目，对PC=0x0028, 搜行号 ... ## 0 .
2024-11-15 05:09:57 INFO: Sdcc项目，对PC=0x0028, 找到了
2024-11-15 05:09:57 INFO: update frmSys.propertyGrid_sys
2024-11-15 05:09:57 INFO: readAX
2024-11-15 05:09:57 INFO: readRAM
2024-11-15 05:09:58 INFO: FrmMain.cs, Risc/CRisc/Pic ReadCPU_3394(), find pcValue file, open it
2024-11-15 05:09:58 INFO: Sdcc项目，对PC=0x0000, 搜行号 ... ## 0 .
2024-11-15 05:09:58 INFO: C项目，在.lst文件中，没找到PC=0x0000所对应的行号, 再走一个步进试试.
2024-11-15 05:09:58 INFO: Sdcc项目，对PC=0x0028, 搜行号 ... ## 0 .
2024-11-15 05:09:58 INFO: Sdcc项目，对PC=0x0028, 找到了
2024-11-15 05:09:58 INFO: update frmSys.propertyGrid_sys
2024-11-15 05:09:58 INFO: readAX
2024-11-15 05:09:58 INFO: readRAM
2024-11-15 05:10:02 INFO: FrmMain.cs, Risc/CRisc/Pic ReadCPU_3394(), find pcValue file, open it
2024-11-15 05:10:02 INFO: Sdcc项目，对PC=0x0000, 搜行号 ... ## 0 .
2024-11-15 05:10:02 INFO: C项目，在.lst文件中，没找到PC=0x0000所对应的行号, 再走一个步进试试.
2024-11-15 05:10:02 INFO: Sdcc项目，对PC=0x0028, 搜行号 ... ## 0 .
2024-11-15 05:10:02 INFO: Sdcc项目，对PC=0x0028, 找到了
2024-11-15 05:10:02 INFO: update frmSys.propertyGrid_sys
2024-11-15 05:10:02 INFO: readAX
2024-11-15 05:10:02 INFO: readRAM
2024-11-15 05:10:02 INFO: FrmMain.cs, Risc/CRisc/Pic ReadCPU_3394(), find pcValue file, open it
2024-11-15 05:10:02 INFO: Sdcc项目，对PC=0x0028, 搜行号 ... ## 0 .
2024-11-15 05:10:02 INFO: Sdcc项目，对PC=0x0028, 找到了
2024-11-15 05:10:02 INFO: update frmSys.propertyGrid_sys
2024-11-15 05:10:02 INFO: readAX
2024-11-15 05:10:02 INFO: readRAM
2024-11-15 05:10:33 INFO: FrmMain.cs, Risc/CRisc/Pic ReadCPU_3394(), find pcValue file, open it
2024-11-15 05:10:33 INFO: Sdcc项目，对PC=0x0000, 搜行号 ... ## 0 .
2024-11-15 05:10:33 INFO: C项目，在.lst文件中，没找到PC=0x0000所对应的行号, 再走一个步进试试.
2024-11-15 05:10:33 INFO: Sdcc项目，对PC=0x0028, 搜行号 ... ## 0 .
2024-11-15 05:10:33 INFO: Sdcc项目，对PC=0x0028, 找到了
2024-11-15 05:10:33 INFO: update frmSys.propertyGrid_sys
2024-11-15 05:10:33 INFO: readAX
2024-11-15 05:10:33 INFO: readRAM
2024-11-15 05:10:34 INFO: FrmMain.cs, Risc/CRisc/Pic ReadCPU_3394(), find pcValue file, open it
2024-11-15 05:10:34 INFO: Sdcc项目，对PC=0x0000, 搜行号 ... ## 0 .
2024-11-15 05:10:34 INFO: C项目，在.lst文件中，没找到PC=0x0000所对应的行号, 再走一个步进试试.
2024-11-15 05:10:34 INFO: Sdcc项目，对PC=0x0028, 搜行号 ... ## 0 .
2024-11-15 05:10:34 INFO: Sdcc项目，对PC=0x0028, 找到了
2024-11-15 05:10:34 INFO: update frmSys.propertyGrid_sys
2024-11-15 05:10:34 INFO: readAX
2024-11-15 05:10:34 INFO: readRAM
2024-11-15 05:11:25 INFO: FrmMain.cs, Risc/CRisc/Pic ReadCPU_3394(), find pcValue file, open it
2024-11-15 05:11:25 INFO: Sdcc项目，对PC=0x0000, 搜行号 ... ## 0 .
2024-11-15 05:11:25 INFO: C项目，在.lst文件中，没找到PC=0x0000所对应的行号, 再走一个步进试试.
2024-11-15 05:11:26 INFO: Sdcc项目，对PC=0x0028, 搜行号 ... ## 0 .
2024-11-15 05:11:26 INFO: Sdcc项目，对PC=0x0028, 找到了
2024-11-15 05:11:26 INFO: update frmSys.propertyGrid_sys
2024-11-15 05:11:26 INFO: readAX
2024-11-15 05:11:26 INFO: readRAM
2024-11-15 05:11:30 INFO: FrmMain.cs, Risc/CRisc/Pic ReadCPU_3394(), find pcValue file, open it
2024-11-15 05:11:30 INFO: Sdcc项目，对PC=0x0000, 搜行号 ... ## 0 .
2024-11-15 05:11:30 INFO: C项目，在.lst文件中，没找到PC=0x0000所对应的行号, 再走一个步进试试.
2024-11-15 05:11:30 INFO: Sdcc项目，对PC=0x0028, 搜行号 ... ## 0 .
2024-11-15 05:11:30 INFO: Sdcc项目，对PC=0x0028, 找到了
2024-11-15 05:11:30 INFO: update frmSys.propertyGrid_sys
2024-11-15 05:11:30 INFO: readAX
2024-11-15 05:11:30 INFO: readRAM
2024-11-15 05:11:30 INFO: FrmMain.cs, Risc/CRisc/Pic ReadCPU_3394(), find pcValue file, open it
2024-11-15 05:11:30 INFO: Sdcc项目，对PC=0x0028, 搜行号 ... ## 0 .
2024-11-15 05:11:30 INFO: Sdcc项目，对PC=0x0028, 找到了
2024-11-15 05:11:30 INFO: update frmSys.propertyGrid_sys
2024-11-15 05:11:30 INFO: readAX
2024-11-15 05:11:30 INFO: readRAM
2024-11-15 05:11:49 INFO: FrmMain.cs, Risc/CRisc/Pic ReadCPU_3394(), find pcValue file, open it
2024-11-15 05:11:49 INFO: Sdcc项目，对PC=0x0028, 搜行号 ... ## 0 .
2024-11-15 05:11:49 INFO: Sdcc项目，对PC=0x0028, 找到了
2024-11-15 05:11:49 INFO: update frmSys.propertyGrid_sys
2024-11-15 05:11:49 INFO: readAX
2024-11-15 05:11:49 INFO: readRAM
2024-11-15 05:11:54 INFO: FrmMain.cs, Risc/CRisc/Pic ReadCPU_3394(), find pcValue file, open it
2024-11-15 05:11:54 INFO: Sdcc项目，对PC=0x0000, 搜行号 ... ## 0 .
2024-11-15 05:11:54 INFO: C项目，在.lst文件中，没找到PC=0x0000所对应的行号, 再走一个步进试试.
2024-11-15 05:11:54 INFO: Sdcc项目，对PC=0x0028, 搜行号 ... ## 0 .
2024-11-15 05:11:54 INFO: Sdcc项目，对PC=0x0028, 找到了
2024-11-15 05:11:54 INFO: update frmSys.propertyGrid_sys
2024-11-15 05:11:54 INFO: readAX
2024-11-15 05:11:54 INFO: readRAM
2024-11-15 05:11:55 INFO: FrmMain.cs, Risc/CRisc/Pic ReadCPU_3394(), find pcValue file, open it
2024-11-15 05:11:55 INFO: Sdcc项目，对PC=0x0000, 搜行号 ... ## 0 .
2024-11-15 05:11:55 INFO: C项目，在.lst文件中，没找到PC=0x0000所对应的行号, 再走一个步进试试.
2024-11-15 05:11:55 INFO: Sdcc项目，对PC=0x0028, 搜行号 ... ## 0 .
2024-11-15 05:11:55 INFO: Sdcc项目，对PC=0x0028, 找到了
2024-11-15 05:11:55 INFO: update frmSys.propertyGrid_sys
2024-11-15 05:11:55 INFO: readAX
2024-11-15 05:11:55 INFO: readRAM
2024-11-15 05:12:15 INFO: FrmMain.cs, Risc/CRisc/Pic ReadCPU_3394(), find pcValue file, open it
2024-11-15 05:12:15 INFO: Sdcc项目，对PC=0x0000, 搜行号 ... ## 0 .
2024-11-15 05:12:15 INFO: C项目，在.lst文件中，没找到PC=0x0000所对应的行号, 再走一个步进试试.
2024-11-15 05:12:15 INFO: Sdcc项目，对PC=0x0028, 搜行号 ... ## 0 .
2024-11-15 05:12:15 INFO: Sdcc项目，对PC=0x0028, 找到了
2024-11-15 05:12:15 INFO: update frmSys.propertyGrid_sys
2024-11-15 05:12:15 INFO: readAX
2024-11-15 05:12:15 INFO: readRAM
2024-11-15 05:12:16 INFO: FrmMain.cs, Risc/CRisc/Pic ReadCPU_3394(), find pcValue file, open it
2024-11-15 05:12:16 INFO: Sdcc项目，对PC=0x0000, 搜行号 ... ## 0 .
2024-11-15 05:12:16 INFO: C项目，在.lst文件中，没找到PC=0x0000所对应的行号, 再走一个步进试试.
2024-11-15 05:12:16 INFO: Sdcc项目，对PC=0x0028, 搜行号 ... ## 0 .
2024-11-15 05:12:16 INFO: Sdcc项目，对PC=0x0028, 找到了
2024-11-15 05:12:16 INFO: update frmSys.propertyGrid_sys
2024-11-15 05:12:16 INFO: readAX
2024-11-15 05:12:16 INFO: readRAM
2024-11-15 05:13:02 INFO: FrmMain.cs, Risc/CRisc/Pic ReadCPU_3394(), find pcValue file, open it
2024-11-15 05:13:02 INFO: Sdcc项目，对PC=0x0000, 搜行号 ... ## 0 .
2024-11-15 05:13:02 INFO: C项目，在.lst文件中，没找到PC=0x0000所对应的行号, 再走一个步进试试.
2024-11-15 05:13:02 INFO: Sdcc项目，对PC=0x0028, 搜行号 ... ## 0 .
2024-11-15 05:13:02 INFO: Sdcc项目，对PC=0x0028, 找到了
2024-11-15 05:13:02 INFO: update frmSys.propertyGrid_sys
2024-11-15 05:13:02 INFO: readAX
2024-11-15 05:13:02 INFO: readRAM
2024-11-15 05:13:02 INFO: FrmMain.cs, Risc/CRisc/Pic ReadCPU_3394(), find pcValue file, open it
2024-11-15 05:13:02 INFO: Sdcc项目，对PC=0x0000, 搜行号 ... ## 0 .
2024-11-15 05:13:02 INFO: C项目，在.lst文件中，没找到PC=0x0000所对应的行号, 再走一个步进试试.
2024-11-15 05:13:03 INFO: Sdcc项目，对PC=0x0028, 搜行号 ... ## 0 .
2024-11-15 05:13:03 INFO: Sdcc项目，对PC=0x0028, 找到了
2024-11-15 05:13:03 INFO: update frmSys.propertyGrid_sys
2024-11-15 05:13:03 INFO: readAX
2024-11-15 05:13:03 INFO: readRAM
2024-11-15 05:13:09 INFO: FrmMain.cs, Risc/CRisc/Pic ReadCPU_3394(), find pcValue file, open it
2024-11-15 05:13:09 INFO: Sdcc项目，对PC=0x0000, 搜行号 ... ## 0 .
2024-11-15 05:13:09 INFO: C项目，在.lst文件中，没找到PC=0x0000所对应的行号, 再走一个步进试试.
2024-11-15 05:13:09 INFO: Sdcc项目，对PC=0x0028, 搜行号 ... ## 0 .
2024-11-15 05:13:09 INFO: Sdcc项目，对PC=0x0028, 找到了
2024-11-15 05:13:09 INFO: update frmSys.propertyGrid_sys
2024-11-15 05:13:09 INFO: readAX
2024-11-15 05:13:09 INFO: readRAM
2024-11-15 05:13:09 INFO: FrmMain.cs, Risc/CRisc/Pic ReadCPU_3394(), find pcValue file, open it
2024-11-15 05:13:09 INFO: Sdcc项目，对PC=0x0028, 搜行号 ... ## 0 .
2024-11-15 05:13:09 INFO: Sdcc项目，对PC=0x0028, 找到了
2024-11-15 05:13:09 INFO: update frmSys.propertyGrid_sys
2024-11-15 05:13:09 INFO: readAX
2024-11-15 05:13:09 INFO: readRAM
2024-11-15 05:16:26 INFO: FrmMain.cs, Risc/CRisc/Pic ReadCPU_3394(), find pcValue file, open it
2024-11-15 05:16:26 INFO: Sdcc项目，对PC=0x0000, 搜行号 ... ## 0 .
2024-11-15 05:16:26 INFO: C项目，在.lst文件中，没找到PC=0x0000所对应的行号, 再走一个步进试试.
2024-11-15 05:16:26 INFO: Sdcc项目，对PC=0x0028, 搜行号 ... ## 0 .
2024-11-15 05:16:26 INFO: Sdcc项目，对PC=0x0028, 找到了
2024-11-15 05:16:26 INFO: update frmSys.propertyGrid_sys
2024-11-15 05:16:26 INFO: readAX
2024-11-15 05:16:26 INFO: readRAM
2024-11-15 05:16:27 INFO: FrmMain.cs, Risc/CRisc/Pic ReadCPU_3394(), find pcValue file, open it
2024-11-15 05:16:27 INFO: Sdcc项目，对PC=0x0000, 搜行号 ... ## 0 .
2024-11-15 05:16:27 INFO: C项目，在.lst文件中，没找到PC=0x0000所对应的行号, 再走一个步进试试.
2024-11-15 05:16:27 INFO: Sdcc项目，对PC=0x0028, 搜行号 ... ## 0 .
2024-11-15 05:16:27 INFO: Sdcc项目，对PC=0x0028, 找到了
2024-11-15 05:16:27 INFO: update frmSys.propertyGrid_sys
2024-11-15 05:16:27 INFO: readAX
2024-11-15 05:16:27 INFO: readRAM
2024-11-15 05:16:46 INFO: FrmMain.cs, Risc/CRisc/Pic ReadCPU_3394(), find pcValue file, open it
2024-11-15 05:16:46 INFO: Sdcc项目，对PC=0x0000, 搜行号 ... ## 0 .
2024-11-15 05:16:46 INFO: C项目，在.lst文件中，没找到PC=0x0000所对应的行号, 再走一个步进试试.
2024-11-15 05:16:46 INFO: Sdcc项目，对PC=0x0028, 搜行号 ... ## 0 .
2024-11-15 05:16:46 INFO: Sdcc项目，对PC=0x0028, 找到了
2024-11-15 05:16:46 INFO: update frmSys.propertyGrid_sys
2024-11-15 05:16:46 INFO: readAX
2024-11-15 05:16:46 INFO: readRAM
2024-11-15 05:17:53 INFO: FrmMain.cs, Risc/CRisc/Pic ReadCPU_3394(), find pcValue file, open it
2024-11-15 05:17:53 INFO: Sdcc项目，对PC=0x0356, 搜行号 ... ## 0 .
2024-11-15 05:17:53 INFO: C项目，在.lst文件中，没找到PC=0x0356所对应的行号, 再走一个步进试试.
2024-11-15 05:17:53 INFO: Sdcc项目，对PC=0x0357, 搜行号 ... ## 0 .
2024-11-15 05:17:53 INFO: C项目，在.lst文件中，没找到PC=0x0357所对应的行号, 再走一个步进试试.
2024-11-15 05:17:53 INFO: Sdcc项目，对PC=0x0359, 搜行号 ... ## 0 .
2024-11-15 05:17:53 INFO: C项目，在.lst文件中，没找到PC=0x0359所对应的行号, 再走一个步进试试.
2024-11-15 05:17:53 INFO: FrmMain.cs, Risc/CRisc/Pic ReadCPU_3394(), find pcValue file, open it
2024-11-15 05:17:53 INFO: Sdcc项目，对PC=0x0359, 搜行号 ... ## 0 .
2024-11-15 05:17:53 INFO: C项目，在.lst文件中，没找到PC=0x0359所对应的行号, 再走一个步进试试.
2024-11-15 05:17:53 INFO: Sdcc项目，对PC=0x035A, 搜行号 ... ## 0 .
2024-11-15 05:17:53 INFO: C项目，在.lst文件中，没找到PC=0x035A所对应的行号, 再走一个步进试试.
2024-11-15 05:17:53 INFO: Sdcc项目，对PC=0x035B, 搜行号 ... ## 0 .
2024-11-15 05:17:53 INFO: C项目，在.lst文件中，没找到PC=0x035B所对应的行号, 再走一个步进试试.
2024-11-15 05:17:53 INFO: Sdcc项目，对PC=0x035C, 搜行号 ... ## 0 .
2024-11-15 05:17:53 INFO: C项目，在.lst文件中，没找到PC=0x035C所对应的行号, 再走一个步进试试.
2024-11-15 05:17:53 INFO: Sdcc项目，对PC=0x035D, 搜行号 ... ## 0 .
2024-11-15 05:17:53 INFO: C项目，在.lst文件中，没找到PC=0x035D所对应的行号, 再走一个步进试试.
2024-11-15 05:17:53 INFO: Sdcc项目，对PC=0x035F, 搜行号 ... ## 0 .
2024-11-15 05:17:53 INFO: Sdcc项目，对PC=0x035F, 找到了
2024-11-15 05:17:53 INFO: update frmSys.propertyGrid_sys
2024-11-15 05:17:53 INFO: readAX
2024-11-15 05:17:53 INFO: readRAM
2024-11-15 05:17:53 INFO: Sdcc项目，对PC=0x035F, 搜行号 ... ## 0 .
2024-11-15 05:17:53 INFO: Sdcc项目，对PC=0x035F, 找到了
2024-11-15 05:17:53 INFO: update frmSys.propertyGrid_sys
2024-11-15 05:17:53 INFO: readAX
2024-11-15 05:17:53 INFO: readRAM
2024-11-15 05:17:59 INFO: FrmMain.cs, Risc/CRisc/Pic ReadCPU_3394(), find pcValue file, open it
2024-11-15 05:17:59 INFO: Sdcc项目，对PC=0x0000, 搜行号 ... ## 0 .
2024-11-15 05:17:59 INFO: C项目，在.lst文件中，没找到PC=0x0000所对应的行号, 再走一个步进试试.
2024-11-15 05:17:59 INFO: Sdcc项目，对PC=0x0028, 搜行号 ... ## 0 .
2024-11-15 05:17:59 INFO: Sdcc项目，对PC=0x0028, 找到了
2024-11-15 05:17:59 INFO: update frmSys.propertyGrid_sys
2024-11-15 05:17:59 INFO: readAX
2024-11-15 05:17:59 INFO: readRAM
2024-11-15 05:18:00 INFO: FrmMain.cs, Risc/CRisc/Pic ReadCPU_3394(), find pcValue file, open it
2024-11-15 05:18:00 INFO: Sdcc项目，对PC=0x0000, 搜行号 ... ## 0 .
2024-11-15 05:18:00 INFO: C项目，在.lst文件中，没找到PC=0x0000所对应的行号, 再走一个步进试试.
2024-11-15 05:18:00 INFO: Sdcc项目，对PC=0x0028, 搜行号 ... ## 0 .
2024-11-15 05:18:00 INFO: Sdcc项目，对PC=0x0028, 找到了
2024-11-15 05:18:00 INFO: update frmSys.propertyGrid_sys
2024-11-15 05:18:00 INFO: readAX
2024-11-15 05:18:00 INFO: readRAM
2024-11-15 05:18:20 INFO: FrmMain.cs, Risc/CRisc/Pic ReadCPU_3394(), find pcValue file, open it
2024-11-15 05:18:20 INFO: Sdcc项目，对PC=0x0000, 搜行号 ... ## 0 .
2024-11-15 05:18:20 INFO: C项目，在.lst文件中，没找到PC=0x0000所对应的行号, 再走一个步进试试.
2024-11-15 05:18:20 INFO: Sdcc项目，对PC=0x0028, 搜行号 ... ## 0 .
2024-11-15 05:18:20 INFO: Sdcc项目，对PC=0x0028, 找到了
2024-11-15 05:18:20 INFO: update frmSys.propertyGrid_sys
2024-11-15 05:18:20 INFO: readAX
2024-11-15 05:18:20 INFO: readRAM
2024-11-15 05:18:21 INFO: FrmMain.cs, Risc/CRisc/Pic ReadCPU_3394(), find pcValue file, open it
2024-11-15 05:18:21 INFO: Sdcc项目，对PC=0x0028, 搜行号 ... ## 0 .
2024-11-15 05:18:21 INFO: Sdcc项目，对PC=0x0028, 找到了
2024-11-15 05:18:21 INFO: update frmSys.propertyGrid_sys
2024-11-15 05:18:21 INFO: readAX
2024-11-15 05:18:21 INFO: readRAM
2024-11-15 05:23:31 INFO: FrmMain.cs, Risc/CRisc/Pic ReadCPU_3394(), find pcValue file, open it
2024-11-15 05:23:31 INFO: Sdcc项目，对PC=0x0000, 搜行号 ... ## 0 .
2024-11-15 05:23:31 INFO: C项目，在.lst文件中，没找到PC=0x0000所对应的行号, 再走一个步进试试.
2024-11-15 05:23:31 INFO: Sdcc项目，对PC=0x0028, 搜行号 ... ## 0 .
2024-11-15 05:23:31 INFO: Sdcc项目，对PC=0x0028, 找到了
2024-11-15 05:23:31 INFO: update frmSys.propertyGrid_sys
2024-11-15 05:23:31 INFO: readAX
2024-11-15 05:23:31 INFO: readRAM
2024-11-15 05:25:18 INFO: FrmMain.cs, Risc/CRisc/Pic ReadCPU_3394(), find pcValue file, open it
2024-11-15 05:25:18 INFO: Sdcc项目，对PC=0x01FF, 搜行号 ... ## 0 .
2024-11-15 05:25:18 INFO: Sdcc项目，对PC=0x01FF, 找到了
2024-11-15 05:25:18 INFO: update frmSys.propertyGrid_sys
2024-11-15 05:25:18 INFO: readAX
2024-11-15 05:25:18 INFO: readRAM
2024-11-15 05:25:18 INFO: FrmMain.cs, Risc/CRisc/Pic ReadCPU_3394(), find pcValue file, open it
2024-11-15 05:25:18 INFO: Sdcc项目，对PC=0x01FF, 搜行号 ... ## 0 .
2024-11-15 05:25:18 INFO: Sdcc项目，对PC=0x01FF, 找到了
2024-11-15 05:25:18 INFO: update frmSys.propertyGrid_sys
2024-11-15 05:25:18 INFO: readAX
2024-11-15 05:25:19 INFO: readRAM
2024-11-15 05:25:25 INFO: FrmMain.cs, Risc/CRisc/Pic ReadCPU_3394(), find pcValue file, open it
2024-11-15 05:25:25 INFO: Sdcc项目，对PC=0x0000, 搜行号 ... ## 0 .
2024-11-15 05:25:25 INFO: C项目，在.lst文件中，没找到PC=0x0000所对应的行号, 再走一个步进试试.
2024-11-15 05:25:25 INFO: Sdcc项目，对PC=0x0028, 搜行号 ... ## 0 .
2024-11-15 05:25:25 INFO: Sdcc项目，对PC=0x0028, 找到了
2024-11-15 05:25:25 INFO: update frmSys.propertyGrid_sys
2024-11-15 05:25:25 INFO: readAX
2024-11-15 05:25:25 INFO: readRAM
2024-11-15 05:27:42 INFO: FrmMain.cs, Risc/CRisc/Pic ReadCPU_3394(), find pcValue file, open it
2024-11-15 05:27:42 INFO: Sdcc项目，对PC=0x0000, 搜行号 ... ## 0 .
2024-11-15 05:27:42 INFO: C项目，在.lst文件中，没找到PC=0x0000所对应的行号, 再走一个步进试试.
2024-11-15 05:27:42 INFO: Sdcc项目，对PC=0x0028, 搜行号 ... ## 0 .
2024-11-15 05:27:42 INFO: Sdcc项目，对PC=0x0028, 找到了
2024-11-15 05:27:42 INFO: update frmSys.propertyGrid_sys
2024-11-15 05:27:42 INFO: readAX
2024-11-15 05:27:42 INFO: readRAM
2024-11-15 05:27:43 INFO: FrmMain.cs, Risc/CRisc/Pic ReadCPU_3394(), find pcValue file, open it
2024-11-15 05:27:43 INFO: Sdcc项目，对PC=0x0000, 搜行号 ... ## 0 .
2024-11-15 05:27:43 INFO: C项目，在.lst文件中，没找到PC=0x0000所对应的行号, 再走一个步进试试.
2024-11-15 05:27:43 INFO: Sdcc项目，对PC=0x0028, 搜行号 ... ## 0 .
2024-11-15 05:27:43 INFO: Sdcc项目，对PC=0x0028, 找到了
2024-11-15 05:27:43 INFO: update frmSys.propertyGrid_sys
2024-11-15 05:27:43 INFO: readAX
2024-11-15 05:27:43 INFO: readRAM
2024-11-15 05:30:11 INFO: FrmMain.cs, Risc/CRisc/Pic ReadCPU_3394(), find pcValue file, open it
2024-11-15 05:30:11 INFO: Sdcc项目，对PC=0x0000, 搜行号 ... ## 0 .
2024-11-15 05:30:11 INFO: C项目，在.lst文件中，没找到PC=0x0000所对应的行号, 再走一个步进试试.
2024-11-15 05:30:11 INFO: Sdcc项目，对PC=0x0028, 搜行号 ... ## 0 .
2024-11-15 05:30:11 INFO: Sdcc项目，对PC=0x0028, 找到了
2024-11-15 05:30:11 INFO: update frmSys.propertyGrid_sys
2024-11-15 05:30:11 INFO: readAX
2024-11-15 05:30:11 INFO: readRAM
2024-11-15 05:34:06 INFO: FrmMain.cs, Risc/CRisc/Pic ReadCPU_3394(), find pcValue file, open it
2024-11-15 05:34:06 INFO: Sdcc项目，对PC=0x0000, 搜行号 ... ## 0 .
2024-11-15 05:34:06 INFO: C项目，在.lst文件中，没找到PC=0x0000所对应的行号, 再走一个步进试试.
2024-11-15 05:34:07 INFO: Sdcc项目，对PC=0x0028, 搜行号 ... ## 0 .
2024-11-15 05:34:07 INFO: Sdcc项目，对PC=0x0028, 找到了
2024-11-15 05:34:07 INFO: update frmSys.propertyGrid_sys
2024-11-15 05:34:07 INFO: readAX
2024-11-15 05:34:07 INFO: readRAM
2024-11-15 05:34:08 INFO: FrmMain.cs, Risc/CRisc/Pic ReadCPU_3394(), find pcValue file, open it
2024-11-15 05:34:08 INFO: Sdcc项目，对PC=0x0000, 搜行号 ... ## 0 .
2024-11-15 05:34:08 INFO: C项目，在.lst文件中，没找到PC=0x0000所对应的行号, 再走一个步进试试.
2024-11-15 05:34:08 INFO: Sdcc项目，对PC=0x0028, 搜行号 ... ## 0 .
2024-11-15 05:34:08 INFO: Sdcc项目，对PC=0x0028, 找到了
2024-11-15 05:34:08 INFO: update frmSys.propertyGrid_sys
2024-11-15 05:34:08 INFO: readAX
2024-11-15 05:34:08 INFO: readRAM
2024-11-15 05:34:14 INFO: FrmMain.cs, Risc/CRisc/Pic ReadCPU_3394(), find pcValue file, open it
2024-11-15 05:34:14 INFO: Sdcc项目，对PC=0x0000, 搜行号 ... ## 0 .
2024-11-15 05:34:14 INFO: C项目，在.lst文件中，没找到PC=0x0000所对应的行号, 再走一个步进试试.
2024-11-15 05:34:14 INFO: Sdcc项目，对PC=0x0028, 搜行号 ... ## 0 .
2024-11-15 05:34:14 INFO: Sdcc项目，对PC=0x0028, 找到了
2024-11-15 05:34:14 INFO: update frmSys.propertyGrid_sys
2024-11-15 05:34:14 INFO: readAX
2024-11-15 05:34:14 INFO: readRAM
2024-11-15 05:37:57 INFO: FrmMain.cs, Risc/CRisc/Pic ReadCPU_3394(), find pcValue file, open it
2024-11-15 05:37:57 INFO: Sdcc项目，对PC=0x0000, 搜行号 ... ## 0 .
2024-11-15 05:37:57 INFO: C项目，在.lst文件中，没找到PC=0x0000所对应的行号, 再走一个步进试试.
2024-11-15 05:37:57 INFO: Sdcc项目，对PC=0x0028, 搜行号 ... ## 0 .
2024-11-15 05:37:57 INFO: Sdcc项目，对PC=0x0028, 找到了
2024-11-15 05:37:57 INFO: update frmSys.propertyGrid_sys
2024-11-15 05:37:57 INFO: readAX
2024-11-15 05:37:57 INFO: readRAM
2024-11-15 05:39:10 INFO: FrmMain.cs, Risc/CRisc/Pic ReadCPU_3394(), find pcValue file, open it
2024-11-15 05:39:10 INFO: Sdcc项目，对PC=0x0000, 搜行号 ... ## 0 .
2024-11-15 05:39:10 INFO: C项目，在.lst文件中，没找到PC=0x0000所对应的行号, 再走一个步进试试.
2024-11-15 05:39:10 INFO: Sdcc项目，对PC=0x0028, 搜行号 ... ## 0 .
2024-11-15 05:39:11 INFO: Sdcc项目，对PC=0x0028, 找到了
2024-11-15 05:39:11 INFO: update frmSys.propertyGrid_sys
2024-11-15 05:39:11 INFO: readAX
2024-11-15 05:39:11 INFO: readRAM
