gplink-2.2.34 (Jun  1 2022)
Map File - Created 2026-9-30  18:01:14
 
                                 Section Info
                  Section       Type    Address   Location Size(Bytes)
                ---------  ---------  ---------  ---------  ---------
                  STARTUP       code   00000000    program   0x000002
         ID_MC32F7361_6_i       code   0x000001    program   0x000008
         ID_MC32F7361_4_i       code   0x000005    program   0x000004
         ID_MC32F7361_1_i       code   0x000007    program   0x000002
              c_interrupt       code   0x000008    program   0x000060
           code_MC32F7361       code   0x000038    program   0x000728
         ID_MC32F7361_0_i       code   0x0003cc    program   0x000140
           code__divulong       code   0x00046c    program   0x0000f0
                   .cinit       code   0x0004e4    program   0x000058
                    .code       code   0x000510    program   0x000038
           ID_MC32F7361_7       code   0x00052c    program   0x000028
         ID_MC32F7361_5_i       code   0x000540    program   0x000004
         ID_MC32F7361_2_i       code   0x000542    program   0x000002
         ID_MC32F7361_3_i       code   0x000543    program   0x000002
           ID_MC32F7361_0      idata   0x000007       data   0x0000a0
           ID_MC32F7361_6      idata   0x0000e6       data   0x000004
           ID_MC32F7361_4      idata   0x0000ee       data   0x000002
           ID_MC32F7361_5      idata   0x0000f0       data   0x000002
           ID_MC32F7361_1      idata   0x0000fa       data   0x000001
           ID_MC32F7361_2      idata   0x0000fb       data   0x000001
           ID_MC32F7361_3      idata   0x0000fc       data   0x000001
                sharebank      udata   00000000       data   0x000007
          UDL_MC32F7361_0      udata   0x0000a7       data   0x000025
          UDL__divulong_0      udata   0x0000cc       data   0x000010
           UD_MC32F7361_0      udata   0x0000dc       data   0x00000a
           UD_MC32F7361_6      udata   0x0000ea       data   0x000002
           UD_MC32F7361_7      udata   0x0000ec       data   0x000002
           UD_MC32F7361_1      udata   0x0000f2       data   0x000001
           UD_MC32F7361_2      udata   0x0000f3       data   0x000001
           UD_MC32F7361_3      udata   0x0000f4       data   0x000001
           UD_MC32F7361_4      udata   0x0000f5       data   0x000001
           UD_MC32F7361_5      udata   0x0000f6       data   0x000001
           UD_MC32F7361_8      udata   0x0000f7       data   0x000001
           UD_MC32F7361_9      udata   0x0000f8       data   0x000001
          UD_MC32F7361_10      udata   0x0000f9       data   0x000001
     UD_abs_mc32f7361_180      udata   0x000180       data   0x000001
     UD_abs_mc32f7361_181      udata   0x000181       data   0x000001
     UD_abs_mc32f7361_182      udata   0x000182       data   0x000001
     UD_abs_mc32f7361_183      udata   0x000183       data   0x000001
     UD_abs_mc32f7361_184      udata   0x000184       data   0x000001
     UD_abs_mc32f7361_185      udata   0x000185       data   0x000001
     UD_abs_mc32f7361_186      udata   0x000186       data   0x000001
     UD_abs_mc32f7361_187      udata   0x000187       data   0x000001
     UD_abs_mc32f7361_188      udata   0x000188       data   0x000001
     UD_abs_mc32f7361_189      udata   0x000189       data   0x000001
     UD_abs_mc32f7361_18a      udata   0x00018a       data   0x000001
     UD_abs_mc32f7361_18b      udata   0x00018b       data   0x000001
     UD_abs_mc32f7361_18c      udata   0x00018c       data   0x000001
     UD_abs_mc32f7361_18d      udata   0x00018d       data   0x000001
     UD_abs_mc32f7361_18e      udata   0x00018e       data   0x000001
     UD_abs_mc32f7361_18f      udata   0x00018f       data   0x000001
     UD_abs_mc32f7361_190      udata   0x000190       data   0x000001
     UD_abs_mc32f7361_191      udata   0x000191       data   0x000001
     UD_abs_mc32f7361_192      udata   0x000192       data   0x000001
     UD_abs_mc32f7361_193      udata   0x000193       data   0x000001
     UD_abs_mc32f7361_194      udata   0x000194       data   0x000001
     UD_abs_mc32f7361_195      udata   0x000195       data   0x000001
     UD_abs_mc32f7361_196      udata   0x000196       data   0x000001
     UD_abs_mc32f7361_197      udata   0x000197       data   0x000001
     UD_abs_mc32f7361_198      udata   0x000198       data   0x000001
     UD_abs_mc32f7361_199      udata   0x000199       data   0x000001
     UD_abs_mc32f7361_19a      udata   0x00019a       data   0x000001
     UD_abs_mc32f7361_19b      udata   0x00019b       data   0x000001
     UD_abs_mc32f7361_19c      udata   0x00019c       data   0x000001
     UD_abs_mc32f7361_19d      udata   0x00019d       data   0x000001
     UD_abs_mc32f7361_19e      udata   0x00019e       data   0x000001
     UD_abs_mc32f7361_19f      udata   0x00019f       data   0x000001
     UD_abs_mc32f7361_1a0      udata   0x0001a0       data   0x000001
     UD_abs_mc32f7361_1a1      udata   0x0001a1       data   0x000001
     UD_abs_mc32f7361_1a2      udata   0x0001a2       data   0x000001
     UD_abs_mc32f7361_1a3      udata   0x0001a3       data   0x000001
     UD_abs_mc32f7361_1a4      udata   0x0001a4       data   0x000001
     UD_abs_mc32f7361_1a5      udata   0x0001a5       data   0x000001
     UD_abs_mc32f7361_1a6      udata   0x0001a6       data   0x000001
     UD_abs_mc32f7361_1a8      udata   0x0001a8       data   0x000001
     UD_abs_mc32f7361_1a9      udata   0x0001a9       data   0x000001
     UD_abs_mc32f7361_1aa      udata   0x0001aa       data   0x000001
     UD_abs_mc32f7361_1ac      udata   0x0001ac       data   0x000001
     UD_abs_mc32f7361_1ad      udata   0x0001ad       data   0x000001
     UD_abs_mc32f7361_1ae      udata   0x0001ae       data   0x000001
     UD_abs_mc32f7361_1af      udata   0x0001af       data   0x000001
     UD_abs_mc32f7361_1b0      udata   0x0001b0       data   0x000001
     UD_abs_mc32f7361_1b1      udata   0x0001b1       data   0x000001
     UD_abs_mc32f7361_1b2      udata   0x0001b2       data   0x000001
     UD_abs_mc32f7361_1b3      udata   0x0001b3       data   0x000001
     UD_abs_mc32f7361_1b4      udata   0x0001b4       data   0x000001
     UD_abs_mc32f7361_1b5      udata   0x0001b5       data   0x000001
     UD_abs_mc32f7361_1b6      udata   0x0001b6       data   0x000001
     UD_abs_mc32f7361_1b7      udata   0x0001b7       data   0x000001
     UD_abs_mc32f7361_1b8      udata   0x0001b8       data   0x000001
     UD_abs_mc32f7361_1b9      udata   0x0001b9       data   0x000001
     UD_abs_mc32f7361_1ba      udata   0x0001ba       data   0x000001
     UD_abs_mc32f7361_1bb      udata   0x0001bb       data   0x000001
     UD_abs_mc32f7361_1bc      udata   0x0001bc       data   0x000001
     UD_abs_mc32f7361_1bd      udata   0x0001bd       data   0x000001
     UD_abs_mc32f7361_1be      udata   0x0001be       data   0x000001
     UD_abs_mc32f7361_1c0      udata   0x0001c0       data   0x000001
     UD_abs_mc32f7361_1c1      udata   0x0001c1       data   0x000001
     UD_abs_mc32f7361_1c3      udata   0x0001c3       data   0x000001
     UD_abs_mc32f7361_1c4      udata   0x0001c4       data   0x000001
     UD_abs_mc32f7361_1c5      udata   0x0001c5       data   0x000001
     UD_abs_mc32f7361_1c6      udata   0x0001c6       data   0x000001
     UD_abs_mc32f7361_1c7      udata   0x0001c7       data   0x000001
     UD_abs_mc32f7361_1f5      udata   0x0001f5       data   0x000001
     UD_abs_mc32f7361_1f6      udata   0x0001f6       data   0x000001
     UD_abs_mc32f7361_1fc      udata   0x0001fc       data   0x000001
 
                              Program Memory Usage
                               Start         End
                           ---------   ---------
                            0x0003cc    0x00046b
                            0x000007    0x000007
                            0x000542    0x000542
                            0x000543    0x000543
                            0x000005    0x000006
                            0x000540    0x000541
                            0x000001    0x000004
                            0x00052c    0x00053f
                            00000000    00000000
                            0x000008    0x000037
                            0x000038    0x0003cb
                            0x000510    0x00052b
                            0x00046c    0x0004e3
                            0x0004e4    0x00050f
 
                            1348 program addresses used
 
                              Symbols
                     Name    Address   Location    Storage File
                ---------  ---------  ---------  --------- ---------
                    STK06   00000000       data     extern MC32F7361.asm
                    STK05   0x000001       data     extern MC32F7361.asm
                    STK04   0x000002       data     extern MC32F7361.asm
                    STK03   0x000003       data     extern MC32F7361.asm
                    STK02   0x000004       data     extern MC32F7361.asm
                    STK01   0x000005       data     extern MC32F7361.asm
                    STK00   0x000006       data     extern MC32F7361.asm
           _led_show_buff   0x0000dc       data     extern MC32F7361.asm
                       _i   0x0000f2       data     extern MC32F7361.asm
           _last_fuel_lev   0x0000f3       data     extern MC32F7361.asm
            _cur_fuel_lev   0x0000f4       data     extern MC32F7361.asm
_low_fuel_alert_enter_cnt   0x0000f5       data     extern MC32F7361.asm
 _low_fuel_alert_exit_cnt   0x0000f6       data     extern MC32F7361.asm
                 _adc_val   0x0000ea       data     extern MC32F7361.asm
    _led_refresh_time_cnt   0x0000ec       data     extern MC32F7361.asm
                    _abuf   0x0000f7       data     extern MC32F7361.asm
               _statusbuf   0x0000f8       data     extern MC32F7361.asm
                   _flag1   0x0000f9       data     extern MC32F7361.asm
                  r0x10C2   0x0000a7       data     static MC32F7361.asm
                  r0x10C1   0x0000a8       data     static MC32F7361.asm
                  r0x10C0   0x0000a9       data     static MC32F7361.asm
                  r0x10BF   0x0000aa       data     static MC32F7361.asm
                  r0x10C3   0x0000ab       data     static MC32F7361.asm
                  r0x10C4   0x0000ac       data     static MC32F7361.asm
                  r0x10C5   0x0000ad       data     static MC32F7361.asm
                  r0x10C6   0x0000ae       data     static MC32F7361.asm
                  r0x10C7   0x0000af       data     static MC32F7361.asm
                  r0x10C8   0x0000b0       data     static MC32F7361.asm
                  r0x10C9   0x0000b1       data     static MC32F7361.asm
                  r0x10CA   0x0000b2       data     static MC32F7361.asm
                  r0x10DB   0x0000b3       data     static MC32F7361.asm
                  r0x10DA   0x0000b4       data     static MC32F7361.asm
                  r0x10D9   0x0000b5       data     static MC32F7361.asm
                  r0x10D8   0x0000b6       data     static MC32F7361.asm
                  r0x10DC   0x0000b7       data     static MC32F7361.asm
                  r0x10DD   0x0000b8       data     static MC32F7361.asm
                  r0x10E1   0x0000b9       data     static MC32F7361.asm
                  r0x10E0   0x0000ba       data     static MC32F7361.asm
                  r0x10DF   0x0000bb       data     static MC32F7361.asm
                  r0x10DE   0x0000bc       data     static MC32F7361.asm
                  r0x10CC   0x0000bd       data     static MC32F7361.asm
                  r0x10CB   0x0000be       data     static MC32F7361.asm
                  r0x10CD   0x0000bf       data     static MC32F7361.asm
                  r0x10CE   0x0000c0       data     static MC32F7361.asm
                  r0x10CF   0x0000c1       data     static MC32F7361.asm
                  r0x10D0   0x0000c2       data     static MC32F7361.asm
                  r0x10D1   0x0000c3       data     static MC32F7361.asm
                  r0x10D2   0x0000c4       data     static MC32F7361.asm
                  r0x10D3   0x0000c5       data     static MC32F7361.asm
                  r0x10D4   0x0000c6       data     static MC32F7361.asm
                  r0x10D5   0x0000c7       data     static MC32F7361.asm
                  r0x10D6   0x0000c8       data     static MC32F7361.asm
                  r0x10D7   0x0000c9       data     static MC32F7361.asm
                  r0x10E2   0x0000ca       data     static MC32F7361.asm
                  r0x10E3   0x0000cb       data     static MC32F7361.asm
             _adc_val_buf   0x000007       data     extern MC32F7361.asm
         _adc_val_buf_cnt   0x0000fa       data     extern MC32F7361.asm
_is_adc_val_buf_initialized   0x0000fb       data     extern MC32F7361.asm
         _adc_get_val_cnt   0x0000fc       data     extern MC32F7361.asm
  _adc_get_filter_val_cnt   0x0000ee       data     extern MC32F7361.asm
             _tmp_val_u16   0x0000f0       data     extern MC32F7361.asm
             _tmp_val_u32   0x0000e6       data     extern MC32F7361.asm
       _adc_val_cmp_table   0x00052c    program     extern MC32F7361.asm
         __sdcc_interrupt   0x000008    program     static MC32F7361.asm
                 _int_isr   0x000008    program     extern MC32F7361.asm
               _00419_DS_   0x00001d    program     static MC32F7361.asm
               _00445_DS_   0x000023    program     static MC32F7361.asm
               _00421_DS_   0x000028    program     static MC32F7361.asm
               _00446_DS_   0x00002e    program     static MC32F7361.asm
               _00425_DS_   0x000033    program     static MC32F7361.asm
         END_OF_INTERRUPT   0x000037    program     static MC32F7361.asm
                    _main   0x000038    program     extern MC32F7361.asm
               _00289_DS_   0x000053    program     static MC32F7361.asm
               _00292_DS_   0x000074    program     static MC32F7361.asm
               _00245_DS_   0x00008f    program     static MC32F7361.asm
               _00249_DS_   0x000091    program     static MC32F7361.asm
               _00250_DS_   0x0000ac    program     static MC32F7361.asm
               _00404_DS_   0x0000b2    program     static MC32F7361.asm
               _00295_DS_   0x0000bd    program     static MC32F7361.asm
               _00251_DS_   0x0000e9    program     static MC32F7361.asm
               _00298_DS_   0x000106    program     static MC32F7361.asm
               _00407_DS_   0x000123    program     static MC32F7361.asm
               _00299_DS_   0x000129    program     static MC32F7361.asm
               _00254_DS_   0x00012b    program     static MC32F7361.asm
               _00408_DS_   0x000138    program     static MC32F7361.asm
               _00258_DS_   0x00013b    program     static MC32F7361.asm
               _00269_DS_   0x00014f    program     static MC32F7361.asm
               _00272_DS_   0x000161    program     static MC32F7361.asm
               _00412_DS_   0x000169    program     static MC32F7361.asm
               _00274_DS_   0x000178    program     static MC32F7361.asm
               _00275_DS_   0x00017a    program     static MC32F7361.asm
               _00286_DS_   0x00017c    program     static MC32F7361.asm
               _00413_DS_   0x000182    program     static MC32F7361.asm
               _00281_DS_   0x00018e    program     static MC32F7361.asm
               _00282_DS_   0x000193    program     static MC32F7361.asm
        _led_show_refresh   0x000198    program     extern MC32F7361.asm
     _led_show_buf_update   0x0001df    program     extern MC32F7361.asm
               _00202_DS_   0x0001e1    program     static MC32F7361.asm
               _00196_DS_   0x0001f4    program     static MC32F7361.asm
               _00205_DS_   0x0001fa    program     static MC32F7361.asm
               _00236_DS_   0x000215    program     static MC32F7361.asm
               _00206_DS_   0x000224    program     static MC32F7361.asm
               _00207_DS_   0x000226    program     static MC32F7361.asm
                _Sys_Init   0x000227    program     extern MC32F7361.asm
           _timer0_config   0x00022e    program     extern MC32F7361.asm
             _adc_convert   0x000234    program     extern MC32F7361.asm
               _00183_DS_   0x000239    program     static MC32F7361.asm
               _00179_DS_   0x00023a    program     static MC32F7361.asm
              _adc_config   0x000283    program     extern MC32F7361.asm
                 _IO_Init   0x00029e    program     extern MC32F7361.asm
                 _CLR_RAM   0x0002b3    program     extern MC32F7361.asm
               _00166_DS_   0x0002b4    program     static MC32F7361.asm
               _00164_DS_   0x0002bb    program     static MC32F7361.asm
           _uart_send_u32   0x0002bf    program     extern MC32F7361.asm
          _uart_send_byte   0x0002e1    program     extern MC32F7361.asm
               _00155_DS_   0x0002e3    program     static MC32F7361.asm
               _00149_DS_   0x0002e9    program     static MC32F7361.asm
               _00146_DS_   0x0002f0    program     static MC32F7361.asm
               _00150_DS_   0x0002f3    program     static MC32F7361.asm
               _00151_DS_   0x0002fd    program     static MC32F7361.asm
               _00153_DS_   0x000318    program     static MC32F7361.asm
           _send_data_msb   0x000320    program     extern MC32F7361.asm
               _00121_DS_   0x00033a    program     static MC32F7361.asm
               _00139_DS_   0x00034d    program     static MC32F7361.asm
               _00140_DS_   0x000354    program     static MC32F7361.asm
               _00117_DS_   0x000369    program     static MC32F7361.asm
               _00122_DS_   0x00037b    program     static MC32F7361.asm
               _00119_DS_   0x00037d    program     static MC32F7361.asm
                _delay_ms   0x000391    program     extern MC32F7361.asm
               _00108_DS_   0x000398    program     static MC32F7361.asm
               _00105_DS_   0x0003a4    program     static MC32F7361.asm
               _00107_DS_   0x0003bf    program     static MC32F7361.asm
               _00111_DS_   0x0003cb    program     static MC32F7361.asm
               _INDF0bits   0x000180       data     extern mc32f7361.asm
                   _INDF0   0x000180       data     extern mc32f7361.asm
               _INDF1bits   0x000181       data     extern mc32f7361.asm
                   _INDF1   0x000181       data     extern mc32f7361.asm
               _INDF2bits   0x000182       data     extern mc32f7361.asm
                   _INDF2   0x000182       data     extern mc32f7361.asm
              _HIBYTEbits   0x000183       data     extern mc32f7361.asm
                  _HIBYTE   0x000183       data     extern mc32f7361.asm
                _FSR0bits   0x000184       data     extern mc32f7361.asm
                    _FSR0   0x000184       data     extern mc32f7361.asm
                _FSR1bits   0x000185       data     extern mc32f7361.asm
                    _FSR1   0x000185       data     extern mc32f7361.asm
                 _PCLbits   0x000186       data     extern mc32f7361.asm
                     _PCL   0x000186       data     extern mc32f7361.asm
               _PFLAGbits   0x000187       data     extern mc32f7361.asm
                   _PFLAG   0x000187       data     extern mc32f7361.asm
                 _MCRbits   0x000188       data     extern mc32f7361.asm
                     _MCR   0x000188       data     extern mc32f7361.asm
               _INDF3bits   0x000189       data     extern mc32f7361.asm
                   _INDF3   0x000189       data     extern mc32f7361.asm
                _INTEbits   0x00018a       data     extern mc32f7361.asm
                    _INTE   0x00018a       data     extern mc32f7361.asm
                _INTFbits   0x00018b       data     extern mc32f7361.asm
                    _INTF   0x00018b       data     extern mc32f7361.asm
               _DRVCRbits   0x00018c       data     extern mc32f7361.asm
                   _DRVCR   0x00018c       data     extern mc32f7361.asm
              _P0KBCRbits   0x00018d       data     extern mc32f7361.asm
                  _P0KBCR   0x00018d       data     extern mc32f7361.asm
              _P1KBCRbits   0x00018e       data     extern mc32f7361.asm
                  _P1KBCR   0x00018e       data     extern mc32f7361.asm
              _P2KBCRbits   0x00018f       data     extern mc32f7361.asm
                  _P2KBCR   0x00018f       data     extern mc32f7361.asm
                _IOP0bits   0x000190       data     extern mc32f7361.asm
                    _IOP0   0x000190       data     extern mc32f7361.asm
                _OEP0bits   0x000191       data     extern mc32f7361.asm
                    _OEP0   0x000191       data     extern mc32f7361.asm
                _PUP0bits   0x000192       data     extern mc32f7361.asm
                    _PUP0   0x000192       data     extern mc32f7361.asm
                _PDP0bits   0x000193       data     extern mc32f7361.asm
                    _PDP0   0x000193       data     extern mc32f7361.asm
                _IOP1bits   0x000194       data     extern mc32f7361.asm
                    _IOP1   0x000194       data     extern mc32f7361.asm
                _OEP1bits   0x000195       data     extern mc32f7361.asm
                    _OEP1   0x000195       data     extern mc32f7361.asm
                _PUP1bits   0x000196       data     extern mc32f7361.asm
                    _PUP1   0x000196       data     extern mc32f7361.asm
                _PDP1bits   0x000197       data     extern mc32f7361.asm
                    _PDP1   0x000197       data     extern mc32f7361.asm
                _T0CRbits   0x000198       data     extern mc32f7361.asm
                    _T0CR   0x000198       data     extern mc32f7361.asm
               _T0CNTbits   0x000199       data     extern mc32f7361.asm
                   _T0CNT   0x000199       data     extern mc32f7361.asm
              _T0LOADbits   0x00019a       data     extern mc32f7361.asm
                  _T0LOAD   0x00019a       data     extern mc32f7361.asm
              _T0DATAbits   0x00019b       data     extern mc32f7361.asm
                  _T0DATA   0x00019b       data     extern mc32f7361.asm
                _T1CRbits   0x00019c       data     extern mc32f7361.asm
                    _T1CR   0x00019c       data     extern mc32f7361.asm
               _T1CNTbits   0x00019d       data     extern mc32f7361.asm
                   _T1CNT   0x00019d       data     extern mc32f7361.asm
              _T1LOADbits   0x00019e       data     extern mc32f7361.asm
                  _T1LOAD   0x00019e       data     extern mc32f7361.asm
              _T1DATAbits   0x00019f       data     extern mc32f7361.asm
                  _T1DATA   0x00019f       data     extern mc32f7361.asm
                _T2CRbits   0x0001a0       data     extern mc32f7361.asm
                    _T2CR   0x0001a0       data     extern mc32f7361.asm
               _T2CNTbits   0x0001a1       data     extern mc32f7361.asm
                   _T2CNT   0x0001a1       data     extern mc32f7361.asm
              _T2LOADbits   0x0001a2       data     extern mc32f7361.asm
                  _T2LOAD   0x0001a2       data     extern mc32f7361.asm
              _T2DATAbits   0x0001a3       data     extern mc32f7361.asm
                  _T2DATA   0x0001a3       data     extern mc32f7361.asm
                _T3CRbits   0x0001a4       data     extern mc32f7361.asm
                    _T3CR   0x0001a4       data     extern mc32f7361.asm
               _T3CNTbits   0x0001a5       data     extern mc32f7361.asm
                   _T3CNT   0x0001a5       data     extern mc32f7361.asm
              _T3LOADbits   0x0001a6       data     extern mc32f7361.asm
                  _T3LOAD   0x0001a6       data     extern mc32f7361.asm
              _PWM0DRbits   0x0001a8       data     extern mc32f7361.asm
                  _PWM0DR   0x0001a8       data     extern mc32f7361.asm
              _PWM1DRbits   0x0001a9       data     extern mc32f7361.asm
                  _PWM1DR   0x0001a9       data     extern mc32f7361.asm
              _PWM2DRbits   0x0001aa       data     extern mc32f7361.asm
                  _PWM2DR   0x0001aa       data     extern mc32f7361.asm
              _PWMCR0bits   0x0001ac       data     extern mc32f7361.asm
                  _PWMCR0   0x0001ac       data     extern mc32f7361.asm
              _PWMCR1bits   0x0001ad       data     extern mc32f7361.asm
                  _PWMCR1   0x0001ad       data     extern mc32f7361.asm
               _OSCMRbits   0x0001ae       data     extern mc32f7361.asm
                   _OSCMR   0x0001ae       data     extern mc32f7361.asm
               _LVDCRbits   0x0001af       data     extern mc32f7361.asm
                   _LVDCR   0x0001af       data     extern mc32f7361.asm
               _ADCR0bits   0x0001b0       data     extern mc32f7361.asm
                   _ADCR0   0x0001b0       data     extern mc32f7361.asm
               _ADCR1bits   0x0001b1       data     extern mc32f7361.asm
                   _ADCR1   0x0001b1       data     extern mc32f7361.asm
               _ADCR2bits   0x0001b2       data     extern mc32f7361.asm
                   _ADCR2   0x0001b2       data     extern mc32f7361.asm
             _OSADJCRbits   0x0001b3       data     extern mc32f7361.asm
                 _OSADJCR   0x0001b3       data     extern mc32f7361.asm
                _ADRHbits   0x0001b4       data     extern mc32f7361.asm
                    _ADRH   0x0001b4       data     extern mc32f7361.asm
                _ADRLbits   0x0001b5       data     extern mc32f7361.asm
                    _ADRL   0x0001b5       data     extern mc32f7361.asm
              _P0ADCRbits   0x0001b6       data     extern mc32f7361.asm
                  _P0ADCR   0x0001b6       data     extern mc32f7361.asm
              _P1ADCRbits   0x0001b7       data     extern mc32f7361.asm
                  _P1ADCR   0x0001b7       data     extern mc32f7361.asm
                _IOP2bits   0x0001b8       data     extern mc32f7361.asm
                    _IOP2   0x0001b8       data     extern mc32f7361.asm
                _OEP2bits   0x0001b9       data     extern mc32f7361.asm
                    _OEP2   0x0001b9       data     extern mc32f7361.asm
                _PUP2bits   0x0001ba       data     extern mc32f7361.asm
                    _PUP2   0x0001ba       data     extern mc32f7361.asm
                _PDP2bits   0x0001bb       data     extern mc32f7361.asm
                    _PDP2   0x0001bb       data     extern mc32f7361.asm
                _PMODbits   0x0001bc       data     extern mc32f7361.asm
                    _PMOD   0x0001bc       data     extern mc32f7361.asm
              _PWMCR3bits   0x0001bd       data     extern mc32f7361.asm
                  _PWMCR3   0x0001bd       data     extern mc32f7361.asm
              _PWMCR2bits   0x0001be       data     extern mc32f7361.asm
                  _PWMCR2   0x0001be       data     extern mc32f7361.asm
              _PFRCCRbits   0x0001c0       data     extern mc32f7361.asm
                  _PFRCCR   0x0001c0       data     extern mc32f7361.asm
             _PFRCCALbits   0x0001c1       data     extern mc32f7361.asm
                 _PFRCCAL   0x0001c1       data     extern mc32f7361.asm
                _EECRbits   0x0001c3       data     extern mc32f7361.asm
                    _EECR   0x0001c3       data     extern mc32f7361.asm
                _EEPRbits   0x0001c4       data     extern mc32f7361.asm
                    _EEPR   0x0001c4       data     extern mc32f7361.asm
                _EEARbits   0x0001c5       data     extern mc32f7361.asm
                    _EEAR   0x0001c5       data     extern mc32f7361.asm
               _EEDRHbits   0x0001c6       data     extern mc32f7361.asm
                   _EEDRH   0x0001c6       data     extern mc32f7361.asm
               _EEDRLbits   0x0001c7       data     extern mc32f7361.asm
                   _EEDRL   0x0001c7       data     extern mc32f7361.asm
               _DBGCRbits   0x0001f5       data     extern mc32f7361.asm
                   _DBGCR   0x0001f5       data     extern mc32f7361.asm
               _DBGPRbits   0x0001f6       data     extern mc32f7361.asm
                   _DBGPR   0x0001f6       data     extern mc32f7361.asm
             _HIRCCALbits   0x0001fc       data     extern mc32f7361.asm
                 _HIRCCAL   0x0001fc       data     extern mc32f7361.asm
               __gptrget2   0x000510    program     extern ../../libsdcc_mc32/_gptrget2.asm
            __dataptrget2   0x000516    program     static ../../libsdcc_mc32/_gptrget2.asm
            __codeptrget2   0x000521    program     static ../../libsdcc_mc32/_gptrget2.asm
                  r0x1003   0x0000cc       data     static _divulong.asm
                  r0x1002   0x0000cd       data     static _divulong.asm
                  r0x1001   0x0000ce       data     static _divulong.asm
                  r0x1000   0x0000cf       data     static _divulong.asm
                  r0x1007   0x0000d0       data     static _divulong.asm
                  r0x1006   0x0000d1       data     static _divulong.asm
                  r0x1005   0x0000d2       data     static _divulong.asm
                  r0x1004   0x0000d3       data     static _divulong.asm
                  r0x1008   0x0000d4       data     static _divulong.asm
                  r0x1009   0x0000d5       data     static _divulong.asm
                  r0x100A   0x0000d6       data     static _divulong.asm
                  r0x100B   0x0000d7       data     static _divulong.asm
                  r0x100C   0x0000d8       data     static _divulong.asm
                  r0x100D   0x0000d9       data     static _divulong.asm
                  r0x100E   0x0000da       data     static _divulong.asm
                  r0x100F   0x0000db       data     static _divulong.asm
               __divulong   0x00046c    program     extern _divulong.asm
               _00107_DS_   0x000492    program     static _divulong.asm
               _00112_DS_   0x00049f    program     static _divulong.asm
               _00141_DS_   0x0004b3    program     static _divulong.asm
               _00111_DS_   0x0004d1    program     static _divulong.asm
               _00114_DS_   0x0004dc    program     static _divulong.asm
               _00115_DS_   0x0004e3    program     static _divulong.asm
                   _cinit   0x0004e4    program     extern  
 
