gplink-2.2.37 (Jan 22 2024)
Map File - Created 2024-12-26  15:50:24
 
                                 Section Info
                  Section       Type    Address   Location Size(Bytes)
                ---------  ---------  ---------  ---------  ---------
                  STARTUP       code   00000000    program   0x000002
              c_interrupt       code   0x000008    program   0x00005a
           code_MC32F7361       code   0x000035    program   0x0004d8
           code__divulong       code   0x0002a1    program   0x0000f0
                    .code       code   0x000319    program   0x000038
           ID_MC32F7361_0       code   0x000335    program   0x000028
                sharebank      udata   00000000       data   0x000007
          UDL_MC32F7361_0      udata   0x000007       data   0x000015
          UDL__divulong_0      udata   0x00001c       data   0x000010
           UD_MC32F7361_0      udata   0x00002c       data   0x00000a
           UD_MC32F7361_5      udata   0x000036       data   0x000004
           UD_MC32F7361_9      udata   0x00003a       data   0x000004
           UD_MC32F7361_4      udata   0x00003e       data   0x000002
           UD_MC32F7361_6      udata   0x000040       data   0x000002
           UD_MC32F7361_7      udata   0x000042       data   0x000002
           UD_MC32F7361_8      udata   0x000044       data   0x000002
          UD_MC32F7361_10      udata   0x000046       data   0x000002
          UD_MC32F7361_11      udata   0x000048       data   0x000002
           UD_MC32F7361_1      udata   0x00004a       data   0x000001
           UD_MC32F7361_2      udata   0x00004b       data   0x000001
           UD_MC32F7361_3      udata   0x00004c       data   0x000001
          UD_MC32F7361_12      udata   0x00004d       data   0x000001
          UD_MC32F7361_13      udata   0x00004e       data   0x000001
          UD_MC32F7361_14      udata   0x00004f       data   0x000001
     UD_abs_mc32f7361_180      udata   0x000180       data   0x000001
     UD_abs_mc32f7361_181      udata   0x000181       data   0x000001
     UD_abs_mc32f7361_182      udata   0x000182       data   0x000001
     UD_abs_mc32f7361_183      udata   0x000183       data   0x000001
     UD_abs_mc32f7361_184      udata   0x000184       data   0x000001
     UD_abs_mc32f7361_185      udata   0x000185       data   0x000001
     UD_abs_mc32f7361_186      udata   0x000186       data   0x000001
     UD_abs_mc32f7361_187      udata   0x000187       data   0x000001
     UD_abs_mc32f7361_188      udata   0x000188       data   0x000001
     UD_abs_mc32f7361_189      udata   0x000189       data   0x000001
     UD_abs_mc32f7361_18a      udata   0x00018a       data   0x000001
     UD_abs_mc32f7361_18b      udata   0x00018b       data   0x000001
     UD_abs_mc32f7361_18c      udata   0x00018c       data   0x000001
     UD_abs_mc32f7361_18d      udata   0x00018d       data   0x000001
     UD_abs_mc32f7361_18e      udata   0x00018e       data   0x000001
     UD_abs_mc32f7361_18f      udata   0x00018f       data   0x000001
     UD_abs_mc32f7361_190      udata   0x000190       data   0x000001
     UD_abs_mc32f7361_191      udata   0x000191       data   0x000001
     UD_abs_mc32f7361_192      udata   0x000192       data   0x000001
     UD_abs_mc32f7361_193      udata   0x000193       data   0x000001
     UD_abs_mc32f7361_194      udata   0x000194       data   0x000001
     UD_abs_mc32f7361_195      udata   0x000195       data   0x000001
     UD_abs_mc32f7361_196      udata   0x000196       data   0x000001
     UD_abs_mc32f7361_197      udata   0x000197       data   0x000001
     UD_abs_mc32f7361_198      udata   0x000198       data   0x000001
     UD_abs_mc32f7361_199      udata   0x000199       data   0x000001
     UD_abs_mc32f7361_19a      udata   0x00019a       data   0x000001
     UD_abs_mc32f7361_19b      udata   0x00019b       data   0x000001
     UD_abs_mc32f7361_19c      udata   0x00019c       data   0x000001
     UD_abs_mc32f7361_19d      udata   0x00019d       data   0x000001
     UD_abs_mc32f7361_19e      udata   0x00019e       data   0x000001
     UD_abs_mc32f7361_19f      udata   0x00019f       data   0x000001
     UD_abs_mc32f7361_1a0      udata   0x0001a0       data   0x000001
     UD_abs_mc32f7361_1a1      udata   0x0001a1       data   0x000001
     UD_abs_mc32f7361_1a2      udata   0x0001a2       data   0x000001
     UD_abs_mc32f7361_1a3      udata   0x0001a3       data   0x000001
     UD_abs_mc32f7361_1a4      udata   0x0001a4       data   0x000001
     UD_abs_mc32f7361_1a5      udata   0x0001a5       data   0x000001
     UD_abs_mc32f7361_1a6      udata   0x0001a6       data   0x000001
     UD_abs_mc32f7361_1a8      udata   0x0001a8       data   0x000001
     UD_abs_mc32f7361_1a9      udata   0x0001a9       data   0x000001
     UD_abs_mc32f7361_1aa      udata   0x0001aa       data   0x000001
     UD_abs_mc32f7361_1ac      udata   0x0001ac       data   0x000001
     UD_abs_mc32f7361_1ad      udata   0x0001ad       data   0x000001
     UD_abs_mc32f7361_1ae      udata   0x0001ae       data   0x000001
     UD_abs_mc32f7361_1af      udata   0x0001af       data   0x000001
     UD_abs_mc32f7361_1b0      udata   0x0001b0       data   0x000001
     UD_abs_mc32f7361_1b1      udata   0x0001b1       data   0x000001
     UD_abs_mc32f7361_1b2      udata   0x0001b2       data   0x000001
     UD_abs_mc32f7361_1b3      udata   0x0001b3       data   0x000001
     UD_abs_mc32f7361_1b4      udata   0x0001b4       data   0x000001
     UD_abs_mc32f7361_1b5      udata   0x0001b5       data   0x000001
     UD_abs_mc32f7361_1b6      udata   0x0001b6       data   0x000001
     UD_abs_mc32f7361_1b7      udata   0x0001b7       data   0x000001
     UD_abs_mc32f7361_1b8      udata   0x0001b8       data   0x000001
     UD_abs_mc32f7361_1b9      udata   0x0001b9       data   0x000001
     UD_abs_mc32f7361_1ba      udata   0x0001ba       data   0x000001
     UD_abs_mc32f7361_1bb      udata   0x0001bb       data   0x000001
     UD_abs_mc32f7361_1bc      udata   0x0001bc       data   0x000001
     UD_abs_mc32f7361_1bd      udata   0x0001bd       data   0x000001
     UD_abs_mc32f7361_1be      udata   0x0001be       data   0x000001
     UD_abs_mc32f7361_1c0      udata   0x0001c0       data   0x000001
     UD_abs_mc32f7361_1c1      udata   0x0001c1       data   0x000001
     UD_abs_mc32f7361_1c3      udata   0x0001c3       data   0x000001
     UD_abs_mc32f7361_1c4      udata   0x0001c4       data   0x000001
     UD_abs_mc32f7361_1c5      udata   0x0001c5       data   0x000001
     UD_abs_mc32f7361_1c6      udata   0x0001c6       data   0x000001
     UD_abs_mc32f7361_1c7      udata   0x0001c7       data   0x000001
     UD_abs_mc32f7361_1f5      udata   0x0001f5       data   0x000001
     UD_abs_mc32f7361_1f6      udata   0x0001f6       data   0x000001
     UD_abs_mc32f7361_1fc      udata   0x0001fc       data   0x000001
 
                              Program Memory Usage
                               Start         End
                           ---------   ---------
                            0x000335    0x000348
                            00000000    00000000
                            0x000008    0x000034
                            0x000035    0x0002a0
                            0x000319    0x000334
                            0x0002a1    0x000318
 
                            834 program addresses used
 
                              Symbols
                     Name    Address   Location    Storage File
                ---------  ---------  ---------  --------- ---------
                    STK06   00000000       data     extern MC32F7361.asm
                    STK05   0x000001       data     extern MC32F7361.asm
                    STK04   0x000002       data     extern MC32F7361.asm
                    STK03   0x000003       data     extern MC32F7361.asm
                    STK02   0x000004       data     extern MC32F7361.asm
                    STK01   0x000005       data     extern MC32F7361.asm
                    STK00   0x000006       data     extern MC32F7361.asm
           _led_show_buff   0x00002c       data     extern MC32F7361.asm
                       _i   0x00004a       data     extern MC32F7361.asm
         _last_fuel_level   0x00004b       data     extern MC32F7361.asm
          _cur_fuel_level   0x00004c       data     extern MC32F7361.asm
          _adc_filter_cnt   0x00003e       data     extern MC32F7361.asm
                 _adc_val   0x000036       data     extern MC32F7361.asm
              _timer0_cnt   0x000040       data     extern MC32F7361.asm
     _led_adjust_time_cnt   0x000042       data     extern MC32F7361.asm
           ___adc_val_tmp   0x000044       data     extern MC32F7361.asm
           ___adc_val_sum   0x00003a       data     extern MC32F7361.asm
              ___g_adcmax   0x000046       data     extern MC32F7361.asm
              ___g_adcmin   0x000048       data     extern MC32F7361.asm
                    _abuf   0x00004d       data     extern MC32F7361.asm
               _statusbuf   0x00004e       data     extern MC32F7361.asm
                   _flag1   0x00004f       data     extern MC32F7361.asm
                  r0x1025   0x000007       data     static MC32F7361.asm
                  r0x1024   0x000008       data     static MC32F7361.asm
                  r0x1023   0x000009       data     static MC32F7361.asm
                  r0x1022   0x00000a       data     static MC32F7361.asm
                  r0x1026   0x00000b       data     static MC32F7361.asm
                  r0x1027   0x00000c       data     static MC32F7361.asm
                  r0x1028   0x00000d       data     static MC32F7361.asm
                  r0x1029   0x00000e       data     static MC32F7361.asm
                  r0x102A   0x00000f       data     static MC32F7361.asm
                  r0x102B   0x000010       data     static MC32F7361.asm
                  r0x102C   0x000011       data     static MC32F7361.asm
                  r0x102D   0x000012       data     static MC32F7361.asm
                  r0x102E   0x000013       data     static MC32F7361.asm
                  r0x1030   0x000014       data     static MC32F7361.asm
                  r0x102F   0x000015       data     static MC32F7361.asm
                  r0x1031   0x000016       data     static MC32F7361.asm
                  r0x1032   0x000017       data     static MC32F7361.asm
                  r0x1033   0x000018       data     static MC32F7361.asm
                  r0x1034   0x000019       data     static MC32F7361.asm
                  r0x1035   0x00001a       data     static MC32F7361.asm
                  r0x1036   0x00001b       data     static MC32F7361.asm
       _adc_val_cmp_table   0x000335    program     extern MC32F7361.asm
         __sdcc_interrupt   0x000008    program     static MC32F7361.asm
                 _int_isr   0x000008    program     extern MC32F7361.asm
               _00304_DS_   0x00001d    program     static MC32F7361.asm
               _00279_DS_   0x000022    program     static MC32F7361.asm
               _00305_DS_   0x00002a    program     static MC32F7361.asm
               _00283_DS_   0x00002f    program     static MC32F7361.asm
               _00285_DS_   0x000030    program     static MC32F7361.asm
         END_OF_INTERRUPT   0x000034    program     static MC32F7361.asm
                    _main   0x000035    program     extern MC32F7361.asm
               _00225_DS_   0x00004c    program     static MC32F7361.asm
               _00267_DS_   0x00005a    program     static MC32F7361.asm
               _00268_DS_   0x000062    program     static MC32F7361.asm
               _00211_DS_   0x00007d    program     static MC32F7361.asm
               _00269_DS_   0x000083    program     static MC32F7361.asm
               _00227_DS_   0x0000a5    program     static MC32F7361.asm
               _00270_DS_   0x0000cf    program     static MC32F7361.asm
               _00228_DS_   0x0000d7    program     static MC32F7361.asm
               _00214_DS_   0x0000dc    program     static MC32F7361.asm
               _00216_DS_   0x0000e2    program     static MC32F7361.asm
               _00272_DS_   0x0000e7    program     static MC32F7361.asm
               _00273_DS_   0x0000ee    program     static MC32F7361.asm
               _00218_DS_   0x0000f8    program     static MC32F7361.asm
               _00219_DS_   0x0000f9    program     static MC32F7361.asm
        _led_show_refresh   0x0000ff    program     extern MC32F7361.asm
     _led_show_buf_update   0x000146    program     extern MC32F7361.asm
               _00196_DS_   0x000148    program     static MC32F7361.asm
               _00198_DS_   0x000160    program     static MC32F7361.asm
               _00199_DS_   0x000171    program     static MC32F7361.asm
                _Sys_Init   0x000177    program     extern MC32F7361.asm
           _timer0_config   0x00017e    program     extern MC32F7361.asm
             _adc_get_val   0x000184    program     extern MC32F7361.asm
               _00146_DS_   0x000190    program     static MC32F7361.asm
               _00135_DS_   0x000191    program     static MC32F7361.asm
               _00178_DS_   0x0001b4    program     static MC32F7361.asm
               _00141_DS_   0x0001ba    program     static MC32F7361.asm
               _00179_DS_   0x0001c0    program     static MC32F7361.asm
               _00143_DS_   0x0001c6    program     static MC32F7361.asm
               _00144_DS_   0x0001da    program     static MC32F7361.asm
              _adc_config   0x000221    program     extern MC32F7361.asm
                _ADC_Init   0x00023c    program     extern MC32F7361.asm
                 _IO_Init   0x000245    program     extern MC32F7361.asm
                 _CLR_RAM   0x00025a    program     extern MC32F7361.asm
               _00118_DS_   0x00025b    program     static MC32F7361.asm
               _00116_DS_   0x000262    program     static MC32F7361.asm
                _delay_ms   0x000266    program     extern MC32F7361.asm
               _00108_DS_   0x00026d    program     static MC32F7361.asm
               _00105_DS_   0x000279    program     static MC32F7361.asm
               _00107_DS_   0x000294    program     static MC32F7361.asm
               _00111_DS_   0x0002a0    program     static MC32F7361.asm
               _INDF0bits   0x000180       data     extern mc32f7361.asm
                   _INDF0   0x000180       data     extern mc32f7361.asm
               _INDF1bits   0x000181       data     extern mc32f7361.asm
                   _INDF1   0x000181       data     extern mc32f7361.asm
               _INDF2bits   0x000182       data     extern mc32f7361.asm
                   _INDF2   0x000182       data     extern mc32f7361.asm
              _HIBYTEbits   0x000183       data     extern mc32f7361.asm
                  _HIBYTE   0x000183       data     extern mc32f7361.asm
                _FSR0bits   0x000184       data     extern mc32f7361.asm
                    _FSR0   0x000184       data     extern mc32f7361.asm
                _FSR1bits   0x000185       data     extern mc32f7361.asm
                    _FSR1   0x000185       data     extern mc32f7361.asm
                 _PCLbits   0x000186       data     extern mc32f7361.asm
                     _PCL   0x000186       data     extern mc32f7361.asm
               _PFLAGbits   0x000187       data     extern mc32f7361.asm
                   _PFLAG   0x000187       data     extern mc32f7361.asm
                 _MCRbits   0x000188       data     extern mc32f7361.asm
                     _MCR   0x000188       data     extern mc32f7361.asm
               _INDF3bits   0x000189       data     extern mc32f7361.asm
                   _INDF3   0x000189       data     extern mc32f7361.asm
                _INTEbits   0x00018a       data     extern mc32f7361.asm
                    _INTE   0x00018a       data     extern mc32f7361.asm
                _INTFbits   0x00018b       data     extern mc32f7361.asm
                    _INTF   0x00018b       data     extern mc32f7361.asm
               _DRVCRbits   0x00018c       data     extern mc32f7361.asm
                   _DRVCR   0x00018c       data     extern mc32f7361.asm
              _P0KBCRbits   0x00018d       data     extern mc32f7361.asm
                  _P0KBCR   0x00018d       data     extern mc32f7361.asm
              _P1KBCRbits   0x00018e       data     extern mc32f7361.asm
                  _P1KBCR   0x00018e       data     extern mc32f7361.asm
              _P2KBCRbits   0x00018f       data     extern mc32f7361.asm
                  _P2KBCR   0x00018f       data     extern mc32f7361.asm
                _IOP0bits   0x000190       data     extern mc32f7361.asm
                    _IOP0   0x000190       data     extern mc32f7361.asm
                _OEP0bits   0x000191       data     extern mc32f7361.asm
                    _OEP0   0x000191       data     extern mc32f7361.asm
                _PUP0bits   0x000192       data     extern mc32f7361.asm
                    _PUP0   0x000192       data     extern mc32f7361.asm
                _PDP0bits   0x000193       data     extern mc32f7361.asm
                    _PDP0   0x000193       data     extern mc32f7361.asm
                _IOP1bits   0x000194       data     extern mc32f7361.asm
                    _IOP1   0x000194       data     extern mc32f7361.asm
                _OEP1bits   0x000195       data     extern mc32f7361.asm
                    _OEP1   0x000195       data     extern mc32f7361.asm
                _PUP1bits   0x000196       data     extern mc32f7361.asm
                    _PUP1   0x000196       data     extern mc32f7361.asm
                _PDP1bits   0x000197       data     extern mc32f7361.asm
                    _PDP1   0x000197       data     extern mc32f7361.asm
                _T0CRbits   0x000198       data     extern mc32f7361.asm
                    _T0CR   0x000198       data     extern mc32f7361.asm
               _T0CNTbits   0x000199       data     extern mc32f7361.asm
                   _T0CNT   0x000199       data     extern mc32f7361.asm
              _T0LOADbits   0x00019a       data     extern mc32f7361.asm
                  _T0LOAD   0x00019a       data     extern mc32f7361.asm
              _T0DATAbits   0x00019b       data     extern mc32f7361.asm
                  _T0DATA   0x00019b       data     extern mc32f7361.asm
                _T1CRbits   0x00019c       data     extern mc32f7361.asm
                    _T1CR   0x00019c       data     extern mc32f7361.asm
               _T1CNTbits   0x00019d       data     extern mc32f7361.asm
                   _T1CNT   0x00019d       data     extern mc32f7361.asm
              _T1LOADbits   0x00019e       data     extern mc32f7361.asm
                  _T1LOAD   0x00019e       data     extern mc32f7361.asm
              _T1DATAbits   0x00019f       data     extern mc32f7361.asm
                  _T1DATA   0x00019f       data     extern mc32f7361.asm
                _T2CRbits   0x0001a0       data     extern mc32f7361.asm
                    _T2CR   0x0001a0       data     extern mc32f7361.asm
               _T2CNTbits   0x0001a1       data     extern mc32f7361.asm
                   _T2CNT   0x0001a1       data     extern mc32f7361.asm
              _T2LOADbits   0x0001a2       data     extern mc32f7361.asm
                  _T2LOAD   0x0001a2       data     extern mc32f7361.asm
              _T2DATAbits   0x0001a3       data     extern mc32f7361.asm
                  _T2DATA   0x0001a3       data     extern mc32f7361.asm
                _T3CRbits   0x0001a4       data     extern mc32f7361.asm
                    _T3CR   0x0001a4       data     extern mc32f7361.asm
               _T3CNTbits   0x0001a5       data     extern mc32f7361.asm
                   _T3CNT   0x0001a5       data     extern mc32f7361.asm
              _T3LOADbits   0x0001a6       data     extern mc32f7361.asm
                  _T3LOAD   0x0001a6       data     extern mc32f7361.asm
              _PWM0DRbits   0x0001a8       data     extern mc32f7361.asm
                  _PWM0DR   0x0001a8       data     extern mc32f7361.asm
              _PWM1DRbits   0x0001a9       data     extern mc32f7361.asm
                  _PWM1DR   0x0001a9       data     extern mc32f7361.asm
              _PWM2DRbits   0x0001aa       data     extern mc32f7361.asm
                  _PWM2DR   0x0001aa       data     extern mc32f7361.asm
              _PWMCR0bits   0x0001ac       data     extern mc32f7361.asm
                  _PWMCR0   0x0001ac       data     extern mc32f7361.asm
              _PWMCR1bits   0x0001ad       data     extern mc32f7361.asm
                  _PWMCR1   0x0001ad       data     extern mc32f7361.asm
               _OSCMRbits   0x0001ae       data     extern mc32f7361.asm
                   _OSCMR   0x0001ae       data     extern mc32f7361.asm
               _LVDCRbits   0x0001af       data     extern mc32f7361.asm
                   _LVDCR   0x0001af       data     extern mc32f7361.asm
               _ADCR0bits   0x0001b0       data     extern mc32f7361.asm
                   _ADCR0   0x0001b0       data     extern mc32f7361.asm
               _ADCR1bits   0x0001b1       data     extern mc32f7361.asm
                   _ADCR1   0x0001b1       data     extern mc32f7361.asm
               _ADCR2bits   0x0001b2       data     extern mc32f7361.asm
                   _ADCR2   0x0001b2       data     extern mc32f7361.asm
             _OSADJCRbits   0x0001b3       data     extern mc32f7361.asm
                 _OSADJCR   0x0001b3       data     extern mc32f7361.asm
                _ADRHbits   0x0001b4       data     extern mc32f7361.asm
                    _ADRH   0x0001b4       data     extern mc32f7361.asm
                _ADRLbits   0x0001b5       data     extern mc32f7361.asm
                    _ADRL   0x0001b5       data     extern mc32f7361.asm
              _P0ADCRbits   0x0001b6       data     extern mc32f7361.asm
                  _P0ADCR   0x0001b6       data     extern mc32f7361.asm
              _P1ADCRbits   0x0001b7       data     extern mc32f7361.asm
                  _P1ADCR   0x0001b7       data     extern mc32f7361.asm
                _IOP2bits   0x0001b8       data     extern mc32f7361.asm
                    _IOP2   0x0001b8       data     extern mc32f7361.asm
                _OEP2bits   0x0001b9       data     extern mc32f7361.asm
                    _OEP2   0x0001b9       data     extern mc32f7361.asm
                _PUP2bits   0x0001ba       data     extern mc32f7361.asm
                    _PUP2   0x0001ba       data     extern mc32f7361.asm
                _PDP2bits   0x0001bb       data     extern mc32f7361.asm
                    _PDP2   0x0001bb       data     extern mc32f7361.asm
                _PMODbits   0x0001bc       data     extern mc32f7361.asm
                    _PMOD   0x0001bc       data     extern mc32f7361.asm
              _PWMCR3bits   0x0001bd       data     extern mc32f7361.asm
                  _PWMCR3   0x0001bd       data     extern mc32f7361.asm
              _PWMCR2bits   0x0001be       data     extern mc32f7361.asm
                  _PWMCR2   0x0001be       data     extern mc32f7361.asm
              _PFRCCRbits   0x0001c0       data     extern mc32f7361.asm
                  _PFRCCR   0x0001c0       data     extern mc32f7361.asm
             _PFRCCALbits   0x0001c1       data     extern mc32f7361.asm
                 _PFRCCAL   0x0001c1       data     extern mc32f7361.asm
                _EECRbits   0x0001c3       data     extern mc32f7361.asm
                    _EECR   0x0001c3       data     extern mc32f7361.asm
                _EEPRbits   0x0001c4       data     extern mc32f7361.asm
                    _EEPR   0x0001c4       data     extern mc32f7361.asm
                _EEARbits   0x0001c5       data     extern mc32f7361.asm
                    _EEAR   0x0001c5       data     extern mc32f7361.asm
               _EEDRHbits   0x0001c6       data     extern mc32f7361.asm
                   _EEDRH   0x0001c6       data     extern mc32f7361.asm
               _EEDRLbits   0x0001c7       data     extern mc32f7361.asm
                   _EEDRL   0x0001c7       data     extern mc32f7361.asm
               _DBGCRbits   0x0001f5       data     extern mc32f7361.asm
                   _DBGCR   0x0001f5       data     extern mc32f7361.asm
               _DBGPRbits   0x0001f6       data     extern mc32f7361.asm
                   _DBGPR   0x0001f6       data     extern mc32f7361.asm
             _HIRCCALbits   0x0001fc       data     extern mc32f7361.asm
                 _HIRCCAL   0x0001fc       data     extern mc32f7361.asm
               __gptrget2   0x000319    program     extern ../../libsdcc_mc32/_gptrget2.asm
            __dataptrget2   0x00031f    program     static ../../libsdcc_mc32/_gptrget2.asm
            __codeptrget2   0x00032a    program     static ../../libsdcc_mc32/_gptrget2.asm
                  r0x1003   0x00001c       data     static _divulong.asm
                  r0x1002   0x00001d       data     static _divulong.asm
                  r0x1001   0x00001e       data     static _divulong.asm
                  r0x1000   0x00001f       data     static _divulong.asm
                  r0x1007   0x000020       data     static _divulong.asm
                  r0x1006   0x000021       data     static _divulong.asm
                  r0x1005   0x000022       data     static _divulong.asm
                  r0x1004   0x000023       data     static _divulong.asm
                  r0x1008   0x000024       data     static _divulong.asm
                  r0x1009   0x000025       data     static _divulong.asm
                  r0x100A   0x000026       data     static _divulong.asm
                  r0x100B   0x000027       data     static _divulong.asm
                  r0x100C   0x000028       data     static _divulong.asm
                  r0x100D   0x000029       data     static _divulong.asm
                  r0x100E   0x00002a       data     static _divulong.asm
                  r0x100F   0x00002b       data     static _divulong.asm
               __divulong   0x0002a1    program     extern _divulong.asm
               _00107_DS_   0x0002c7    program     static _divulong.asm
               _00112_DS_   0x0002d4    program     static _divulong.asm
               _00141_DS_   0x0002e8    program     static _divulong.asm
               _00111_DS_   0x000306    program     static _divulong.asm
               _00114_DS_   0x000311    program     static _divulong.asm
               _00115_DS_   0x000318    program     static _divulong.asm
 
